../Core/Src/frucd_display.c:69:6:Display_Init	8	static
../Core/Src/frucd_display.c:87:6:Display_CalibrateScreen	16	static
../Core/Src/frucd_display.c:95:6:Display_DebugTemplate	16	static
../Core/Src/frucd_display.c:176:6:Display_DriveTemplate	16	static
../Core/Src/frucd_display.c:221:6:Display_Update	8	static
../Core/Src/frucd_display.c:234:6:draw_soc	16	static
../Core/Src/frucd_display.c:239:6:draw_bms_temp	16	static
../Core/Src/frucd_display.c:244:6:draw_state	40	static
../Core/Src/frucd_display.c:374:6:draw_glv_v	24	static
../Core/Src/frucd_display.c:396:10:value_to_color	8	static
../Core/Src/frucd_display.c:438:6:draw_value_textbox	80	static
../Core/Src/frucd_display.c:454:6:draw_textbox	48	static
