../Core/Src/stm32f7xx_hal_msp.c:71:6:HAL_MspInit	16	static
../Core/Src/stm32f7xx_hal_msp.c:93:6:HAL_ADC_MspInit	56	static
../Core/Src/stm32f7xx_hal_msp.c:188:6:HAL_ADC_MspDeInit	16	static
../Core/Src/stm32f7xx_hal_msp.c:242:6:HAL_CAN_MspInit	56	static
../Core/Src/stm32f7xx_hal_msp.c:312:6:HAL_CAN_MspDeInit	16	static
../Core/Src/stm32f7xx_hal_msp.c:368:6:HAL_SD_MspInit	184	static
../Core/Src/stm32f7xx_hal_msp.c:471:6:HAL_SD_MspDeInit	16	static
../Core/Src/stm32f7xx_hal_msp.c:509:6:HAL_TIM_Base_MspInit	56	static
../Core/Src/stm32f7xx_hal_msp.c:581:6:HAL_TIM_Base_MspDeInit	16	static
../Core/Src/stm32f7xx_hal_msp.c:640:6:HAL_UART_MspInit	192	static
../Core/Src/stm32f7xx_hal_msp.c:755:6:HAL_UART_MspDeInit	16	static
../Core/Src/stm32f7xx_hal_msp.c:816:13:HAL_FMC_MspInit	32	static
../Core/Src/stm32f7xx_hal_msp.c:881:6:HAL_SRAM_MspInit	16	static
../Core/Src/stm32f7xx_hal_msp.c:893:13:HAL_FMC_MspDeInit	8	static
../Core/Src/stm32f7xx_hal_msp.c:941:6:HAL_SRAM_MspDeInit	16	static
