../Core/Src/ugui_SSD1963.c:68:6:SSD1963_Reset	8	static
../Core/Src/ugui_SSD1963.c:74:6:SSD1963_Init	8	static
../Core/Src/ugui_SSD1963.c:145:6:SSD1963_WindowSet	32	static
../Core/Src/ugui_SSD1963.c:165:6:SSD1963_PSet	16	static
../Core/Src/ugui_SSD1963.c:173:6:SSD1963_WriteMemoryStart	8	static
../Core/Src/ugui_SSD1963.c:178:6:SSD1963_ConsecutivePSet	16	static
../Core/Src/ugui_SSD1963.c:183:11:HW_FillFrame	32	static
../Core/Src/ugui_SSD1963.c:204:11:HW_DrawLine	32	static
../Core/Src/ugui_SSD1963.c:220:11:HW_DrawImage	24	static
../Core/Src/ugui_SSD1963.c:299:6:write_command	24	static
../Core/Src/ugui_SSD1963.c:306:6:write_data	24	static
../Core/Src/ugui_SSD1963.c:313:10:read_data	4	static
../Core/Src/ugui_SSD1963.c:318:6:write_multi_data	24	static
