Archive member included to satisfy reference by file (symbol)

C:/ST/STM32CubeIDE_1.13.2/STM32CubeIDE/plugins/com.st.stm32cube.ide.mcu.externaltools.gnu-tools-for-stm32.12.3.rel1.win32_1.0.100.202403111256/tools/bin/../lib/gcc/arm-none-eabi/12.3.1/../../../../arm-none-eabi/lib/thumb/v7e-m+fp/hard\libc_nano.a(libc_a-exit.o)
                              C:/ST/STM32CubeIDE_1.13.2/STM32CubeIDE/plugins/com.st.stm32cube.ide.mcu.externaltools.gnu-tools-for-stm32.12.3.rel1.win32_1.0.100.202403111256/tools/bin/../lib/gcc/arm-none-eabi/12.3.1/../../../../arm-none-eabi/lib/thumb/v7e-m+fp/hard/crt0.o (exit)
C:/ST/STM32CubeIDE_1.13.2/STM32CubeIDE/plugins/com.st.stm32cube.ide.mcu.externaltools.gnu-tools-for-stm32.12.3.rel1.win32_1.0.100.202403111256/tools/bin/../lib/gcc/arm-none-eabi/12.3.1/../../../../arm-none-eabi/lib/thumb/v7e-m+fp/hard\libc_nano.a(libc_a-findfp.o)
                              C:/ST/STM32CubeIDE_1.13.2/STM32CubeIDE/plugins/com.st.stm32cube.ide.mcu.externaltools.gnu-tools-for-stm32.12.3.rel1.win32_1.0.100.202403111256/tools/bin/../lib/gcc/arm-none-eabi/12.3.1/../../../../arm-none-eabi/lib/thumb/v7e-m+fp/hard\libc_nano.a(libc_a-exit.o) (__stdio_exit_handler)
C:/ST/STM32CubeIDE_1.13.2/STM32CubeIDE/plugins/com.st.stm32cube.ide.mcu.externaltools.gnu-tools-for-stm32.12.3.rel1.win32_1.0.100.202403111256/tools/bin/../lib/gcc/arm-none-eabi/12.3.1/../../../../arm-none-eabi/lib/thumb/v7e-m+fp/hard\libc_nano.a(libc_a-fwalk.o)
                              C:/ST/STM32CubeIDE_1.13.2/STM32CubeIDE/plugins/com.st.stm32cube.ide.mcu.externaltools.gnu-tools-for-stm32.12.3.rel1.win32_1.0.100.202403111256/tools/bin/../lib/gcc/arm-none-eabi/12.3.1/../../../../arm-none-eabi/lib/thumb/v7e-m+fp/hard\libc_nano.a(libc_a-findfp.o) (_fwalk_sglue)
C:/ST/STM32CubeIDE_1.13.2/STM32CubeIDE/plugins/com.st.stm32cube.ide.mcu.externaltools.gnu-tools-for-stm32.12.3.rel1.win32_1.0.100.202403111256/tools/bin/../lib/gcc/arm-none-eabi/12.3.1/../../../../arm-none-eabi/lib/thumb/v7e-m+fp/hard\libc_nano.a(libc_a-sprintf.o)
                              ./Core/Src/frucd_display.o (sprintf)
C:/ST/STM32CubeIDE_1.13.2/STM32CubeIDE/plugins/com.st.stm32cube.ide.mcu.externaltools.gnu-tools-for-stm32.12.3.rel1.win32_1.0.100.202403111256/tools/bin/../lib/gcc/arm-none-eabi/12.3.1/../../../../arm-none-eabi/lib/thumb/v7e-m+fp/hard\libc_nano.a(libc_a-stdio.o)
                              C:/ST/STM32CubeIDE_1.13.2/STM32CubeIDE/plugins/com.st.stm32cube.ide.mcu.externaltools.gnu-tools-for-stm32.12.3.rel1.win32_1.0.100.202403111256/tools/bin/../lib/gcc/arm-none-eabi/12.3.1/../../../../arm-none-eabi/lib/thumb/v7e-m+fp/hard\libc_nano.a(libc_a-findfp.o) (__sread)
C:/ST/STM32CubeIDE_1.13.2/STM32CubeIDE/plugins/com.st.stm32cube.ide.mcu.externaltools.gnu-tools-for-stm32.12.3.rel1.win32_1.0.100.202403111256/tools/bin/../lib/gcc/arm-none-eabi/12.3.1/../../../../arm-none-eabi/lib/thumb/v7e-m+fp/hard\libc_nano.a(libc_a-memset.o)
                              C:/ST/STM32CubeIDE_1.13.2/STM32CubeIDE/plugins/com.st.stm32cube.ide.mcu.externaltools.gnu-tools-for-stm32.12.3.rel1.win32_1.0.100.202403111256/tools/bin/../lib/gcc/arm-none-eabi/12.3.1/../../../../arm-none-eabi/lib/thumb/v7e-m+fp/hard/crt0.o (memset)
C:/ST/STM32CubeIDE_1.13.2/STM32CubeIDE/plugins/com.st.stm32cube.ide.mcu.externaltools.gnu-tools-for-stm32.12.3.rel1.win32_1.0.100.202403111256/tools/bin/../lib/gcc/arm-none-eabi/12.3.1/../../../../arm-none-eabi/lib/thumb/v7e-m+fp/hard\libc_nano.a(libc_a-closer.o)
                              C:/ST/STM32CubeIDE_1.13.2/STM32CubeIDE/plugins/com.st.stm32cube.ide.mcu.externaltools.gnu-tools-for-stm32.12.3.rel1.win32_1.0.100.202403111256/tools/bin/../lib/gcc/arm-none-eabi/12.3.1/../../../../arm-none-eabi/lib/thumb/v7e-m+fp/hard\libc_nano.a(libc_a-stdio.o) (_close_r)
C:/ST/STM32CubeIDE_1.13.2/STM32CubeIDE/plugins/com.st.stm32cube.ide.mcu.externaltools.gnu-tools-for-stm32.12.3.rel1.win32_1.0.100.202403111256/tools/bin/../lib/gcc/arm-none-eabi/12.3.1/../../../../arm-none-eabi/lib/thumb/v7e-m+fp/hard\libc_nano.a(libc_a-reent.o)
                              C:/ST/STM32CubeIDE_1.13.2/STM32CubeIDE/plugins/com.st.stm32cube.ide.mcu.externaltools.gnu-tools-for-stm32.12.3.rel1.win32_1.0.100.202403111256/tools/bin/../lib/gcc/arm-none-eabi/12.3.1/../../../../arm-none-eabi/lib/thumb/v7e-m+fp/hard\libc_nano.a(libc_a-closer.o) (errno)
C:/ST/STM32CubeIDE_1.13.2/STM32CubeIDE/plugins/com.st.stm32cube.ide.mcu.externaltools.gnu-tools-for-stm32.12.3.rel1.win32_1.0.100.202403111256/tools/bin/../lib/gcc/arm-none-eabi/12.3.1/../../../../arm-none-eabi/lib/thumb/v7e-m+fp/hard\libc_nano.a(libc_a-impure.o)
                              C:/ST/STM32CubeIDE_1.13.2/STM32CubeIDE/plugins/com.st.stm32cube.ide.mcu.externaltools.gnu-tools-for-stm32.12.3.rel1.win32_1.0.100.202403111256/tools/bin/../lib/gcc/arm-none-eabi/12.3.1/../../../../arm-none-eabi/lib/thumb/v7e-m+fp/hard\libc_nano.a(libc_a-sprintf.o) (_impure_ptr)
[...]
Memory Configuration

Name             Origin             Length             Attributes
RAM              0x20000000         0x00050000         xrw
FLASH            0x08000000         0x00100000         xr
*default*        0x00000000         0xffffffff

Linker script and memory map

LOAD C:/ST/STM32CubeIDE_1.13.2/STM32CubeIDE/plugins/com.st.stm32cube.ide.mcu.externaltools.gnu-tools-for-stm32.12.3.rel1.win32_1.0.100.202403111256/tools/bin/../lib/gcc/arm-none-eabi/12.3.1/thumb/v7e-m+fp/hard/crti.o
LOAD C:/ST/STM32CubeIDE_1.13.2/STM32CubeIDE/plugins/com.st.stm32cube.ide.mcu.externaltools.gnu-tools-for-stm32.12.3.rel1.win32_1.0.100.202403111256/tools/bin/../lib/gcc/arm-none-eabi/12.3.1/thumb/v7e-m+fp/hard/crtbegin.o
LOAD C:/ST/STM32CubeIDE_1.13.2/STM32CubeIDE/plugins/com.st.stm32cube.ide.mcu.externaltools.gnu-tools-for-stm32.12.3.rel1.win32_1.0.100.202403111256/tools/bin/../lib/gcc/arm-none-eabi/12.3.1/../../../../arm-none-eabi/lib/thumb/v7e-m+fp/hard/crt0.o
LOAD ./Core/Src/can_manager.o
LOAD ./Core/Src/frucd_display.o
LOAD ./Core/Src/fsm.o
LOAD ./Core/Src/main.o
LOAD ./Core/Src/sensors.o
LOAD ./Core/Src/serial_print.o
LOAD ./Core/Src/stm32f7xx_hal_msp.o
LOAD ./Core/Src/stm32f7xx_it.o
LOAD ./Core/Src/syscalls.o
LOAD ./Core/Src/sysmem.o
LOAD ./Core/Src/system_stm32f7xx.o
LOAD ./Core/Src/telem.o
LOAD ./Core/Src/traction_control.o
LOAD ./Core/Src/ugui.o
LOAD ./Core/Src/ugui_SSD1963.o
LOAD ./Core/Startup/startup_stm32f746zgtx.o
LOAD ./Drivers/STM32F7xx_HAL_Driver/Src/stm32f7xx_hal.o
LOAD ./Drivers/STM32F7xx_HAL_Driver/Src/stm32f7xx_hal_adc.o
LOAD ./Drivers/STM32F7xx_HAL_Driver/Src/stm32f7xx_hal_adc_ex.o
LOAD ./Drivers/STM32F7xx_HAL_Driver/Src/stm32f7xx_hal_can.o
LOAD ./Drivers/STM32F7xx_HAL_Driver/Src/stm32f7xx_hal_cortex.o
LOAD ./Drivers/STM32F7xx_HAL_Driver/Src/stm32f7xx_hal_dma.o
LOAD ./Drivers/STM32F7xx_HAL_Driver/Src/stm32f7xx_hal_dma_ex.o
LOAD ./Drivers/STM32F7xx_HAL_Driver/Src/stm32f7xx_hal_exti.o
LOAD ./Drivers/STM32F7xx_HAL_Driver/Src/stm32f7xx_hal_flash.o
LOAD ./Drivers/STM32F7xx_HAL_Driver/Src/stm32f7xx_hal_flash_ex.o
LOAD ./Drivers/STM32F7xx_HAL_Driver/Src/stm32f7xx_hal_gpio.o
LOAD ./Drivers/STM32F7xx_HAL_Driver/Src/stm32f7xx_hal_i2c.o
LOAD ./Drivers/STM32F7xx_HAL_Driver/Src/stm32f7xx_hal_i2c_ex.o
LOAD ./Drivers/STM32F7xx_HAL_Driver/Src/stm32f7xx_hal_pwr.o
LOAD ./Drivers/STM32F7xx_HAL_Driver/Src/stm32f7xx_hal_pwr_ex.o
LOAD ./Drivers/STM32F7xx_HAL_Driver/Src/stm32f7xx_hal_rcc.o
LOAD ./Drivers/STM32F7xx_HAL_Driver/Src/stm32f7xx_hal_rcc_ex.o
LOAD ./Drivers/STM32F7xx_HAL_Driver/Src/stm32f7xx_hal_sd.o
LOAD ./Drivers/STM32F7xx_HAL_Driver/Src/stm32f7xx_hal_sram.o
LOAD ./Drivers/STM32F7xx_HAL_Driver/Src/stm32f7xx_hal_tim.o
LOAD ./Drivers/STM32F7xx_HAL_Driver/Src/stm32f7xx_hal_tim_ex.o
LOAD ./Drivers/STM32F7xx_HAL_Driver/Src/stm32f7xx_hal_uart.o
LOAD ./Drivers/STM32F7xx_HAL_Driver/Src/stm32f7xx_hal_uart_ex.o
LOAD ./Drivers/STM32F7xx_HAL_Driver/Src/stm32f7xx_ll_fmc.o
LOAD ./Drivers/STM32F7xx_HAL_Driver/Src/stm32f7xx_ll_sdmmc.o
LOAD ./FATFS/App/fatfs.o
LOAD ./FATFS/Target/bsp_driver_sd.o
LOAD ./FATFS/Target/sd_diskio.o
LOAD ./Middlewares/Third_Party/FatFs/src/diskio.o
LOAD ./Middlewares/Third_Party/FatFs/src/ff.o
LOAD ./Middlewares/Third_Party/FatFs/src/ff_gen_drv.o
LOAD ./Middlewares/Third_Party/FatFs/src/option/syscall.o
START GROUP
LOAD C:/ST/STM32CubeIDE_1.13.2/STM32CubeIDE/plugins/com.st.stm32cube.ide.mcu.externaltools.gnu-tools-for-stm32.12.3.rel1.win32_1.0.100.202403111256/tools/bin/../lib/gcc/arm-none-eabi/12.3.1/../../../../arm-none-eabi/lib/thumb/v7e-m+fp/hard\libc_nano.a
LOAD C:/ST/STM32CubeIDE_1.13.2/STM32CubeIDE/plugins/com.st.stm32cube.ide.mcu.externaltools.gnu-tools-for-stm32.12.3.rel1.win32_1.0.100.202403111256/tools/bin/../lib/gcc/arm-none-eabi/12.3.1/../../../../arm-none-eabi/lib/thumb/v7e-m+fp/hard\libm.a
END GROUP
START GROUP
LOAD C:/ST/STM32CubeIDE_1.13.2/STM32CubeIDE/plugins/com.st.stm32cube.ide.mcu.externaltools.gnu-tools-for-stm32.12.3.rel1.win32_1.0.100.202403111256/tools/bin/../lib/gcc/arm-none-eabi/12.3.1/thumb/v7e-m+fp/hard\libgcc.a
LOAD C:/ST/STM32CubeIDE_1.13.2/STM32CubeIDE/plugins/com.st.stm32cube.ide.mcu.externaltools.gnu-tools-for-stm32.12.3.rel1.win32_1.0.100.202403111256/tools/bin/../lib/gcc/arm-none-eabi/12.3.1/../../../../arm-none-eabi/lib/thumb/v7e-m+fp/hard\libc_nano.a
END GROUP
START GROUP
LOAD C:/ST/STM32CubeIDE_1.13.2/STM32CubeIDE/plugins/com.st.stm32cube.ide.mcu.externaltools.gnu-tools-for-stm32.12.3.rel1.win32_1.0.100.202403111256/tools/bin/../lib/gcc/arm-none-eabi/12.3.1/thumb/v7e-m+fp/hard\libgcc.a
LOAD C:/ST/STM32CubeIDE_1.13.2/STM32CubeIDE/plugins/com.st.stm32cube.ide.mcu.externaltools.gnu-tools-for-stm32.12.3.rel1.win32_1.0.100.202403111256/tools/bin/../lib/gcc/arm-none-eabi/12.3.1/../../../../arm-none-eabi/lib/thumb/v7e-m+fp/hard\libc_nano.a
LOAD C:/ST/STM32CubeIDE_1.13.2/STM32CubeIDE/plugins/com.st.stm32cube.ide.mcu.externaltools.gnu-tools-for-stm32.12.3.rel1.win32_1.0.100.202403111256/tools/bin/../lib/gcc/arm-none-eabi/12.3.1/../../../../arm-none-eabi/lib/thumb/v7e-m+fp/hard\libnosys.a
END GROUP
START GROUP
LOAD C:/ST/STM32CubeIDE_1.13.2/STM32CubeIDE/plugins/com.st.stm32cube.ide.mcu.externaltools.gnu-tools-for-stm32.12.3.rel1.win32_1.0.100.202403111256/tools/bin/../lib/gcc/arm-none-eabi/12.3.1/thumb/v7e-m+fp/hard\libgcc.a
LOAD C:/ST/STM32CubeIDE_1.13.2/STM32CubeIDE/plugins/com.st.stm32cube.ide.mcu.externaltools.gnu-tools-for-stm32.12.3.rel1.win32_1.0.100.202403111256/tools/bin/../lib/gcc/arm-none-eabi/12.3.1/../../../../arm-none-eabi/lib/thumb/v7e-m+fp/hard\libc_nano.a
LOAD C:/ST/STM32CubeIDE_1.13.2/STM32CubeIDE/plugins/com.st.stm32cube.ide.mcu.externaltools.gnu-tools-for-stm32.12.3.rel1.win32_1.0.100.202403111256/tools/bin/../lib/gcc/arm-none-eabi/12.3.1/../../../../arm-none-eabi/lib/thumb/v7e-m+fp/hard\libnosys.a
END GROUP
LOAD C:/ST/STM32CubeIDE_1.13.2/STM32CubeIDE/plugins/com.st.stm32cube.ide.mcu.externaltools.gnu-tools-for-stm32.12.3.rel1.win32_1.0.100.202403111256/tools/bin/../lib/gcc/arm-none-eabi/12.3.1/thumb/v7e-m+fp/hard/crtend.o
LOAD C:/ST/STM32CubeIDE_1.13.2/STM32CubeIDE/plugins/com.st.stm32cube.ide.mcu.externaltools.gnu-tools-for-stm32.12.3.rel1.win32_1.0.100.202403111256/tools/bin/../lib/gcc/arm-none-eabi/12.3.1/thumb/v7e-m+fp/hard/crtn.o
                0x20050000                        _estack = (ORIGIN (RAM) + LENGTH (RAM))
                0x00000200                        _Min_Heap_Size = 0x200
                0x00000400                        _Min_Stack_Size = 0x400

.isr_vector     0x08000000      0x1c8
                0x08000000                        . = ALIGN (0x4)
 *(.isr_vector)
 .isr_vector    0x08000000      0x1c8 ./Core/Startup/startup_stm32f746zgtx.o
                0x08000000                g_pfnVectors
                0x080001c8                        . = ALIGN (0x4)

.text           0x080001d0     0xe85c
                0x080001d0                        . = ALIGN (0x4)
 *(.text)
 .text          0x080001d0       0x40 C:/ST/STM32CubeIDE_1.13.2/STM32CubeIDE/plugins/com.st.stm32cube.ide.mcu.externaltools.gnu-tools-for-stm32.12.3.rel1.win32_1.0.100.202403111256/tools/bin/../lib/gcc/arm-none-eabi/12.3.1/thumb/v7e-m+fp/hard/crtbegin.o
 .text          0x08000210       0x10 C:/ST/STM32CubeIDE_1.13.2/STM32CubeIDE/plugins/com.st.stm32cube.ide.mcu.externaltools.gnu-tools-for-stm32.12.3.rel1.win32_1.0.100.202403111256/tools/bin/../lib/gcc/arm-none-eabi/12.3.1/../../../../arm-none-eabi/lib/thumb/v7e-m+fp/hard\libc_nano.a(libc_a-strlen.o)
                0x08000210                strlen
 .text          0x08000220       0xa0 C:/ST/STM32CubeIDE_1.13.2/STM32CubeIDE/plugins/com.st.stm32cube.ide.mcu.externaltools.gnu-tools-for-stm32.12.3.rel1.win32_1.0.100.202403111256/tools/bin/../lib/gcc/arm-none-eabi/12.3.1/../../../../arm-none-eabi/lib/thumb/v7e-m+fp/hard\libc_nano.a(libc_a-memchr.o)
                0x08000220                memchr
 .text          0x080002c0      0x378 C:/ST/STM32CubeIDE_1.13.2/STM32CubeIDE/plugins/com.st.stm32cube.ide.mcu.externaltools.gnu-tools-for-stm32.12.3.rel1.win32_1.0.100.202403111256/tools/bin/../lib/gcc/arm-none-eabi/12.3.1/thumb/v7e-m+fp/hard\libgcc.a(_arm_addsubdf3.o)
                0x080002c0                __aeabi_drsub
                0x080002c8                __aeabi_dsub
                0x080002c8                __subdf3
                0x080002cc                __aeabi_dadd
                0x080002cc                __adddf3
                0x08000544                __floatunsidf
                0x08000544                __aeabi_ui2d
                0x08000564                __floatsidf
                0x08000564                __aeabi_i2d
                0x08000588                __aeabi_f2d
                0x08000588                __extendsfdf2
                0x080005cc                __floatundidf
                0x080005cc                __aeabi_ul2d
                0x080005dc                __floatdidf
                0x080005dc                __aeabi_l2d
 .text          0x08000638      0x424 C:/ST/STM32CubeIDE_1.13.2/STM32CubeIDE/plugins/com.st.stm32cube.ide.mcu.externaltools.gnu-tools-for-stm32.12.3.rel1.win32_1.0.100.202403111256/tools/bin/../lib/gcc/arm-none-eabi/12.3.1/thumb/v7e-m+fp/hard\libgcc.a(_arm_muldivdf3.o)
                0x08000638                __aeabi_dmul
                0x08000638                __muldf3
                0x0800088c                __divdf3
                0x0800088c                __aeabi_ddiv
 .text          0x08000a5c       0xa0 C:/ST/STM32CubeIDE_1.13.2/STM32CubeIDE/plugins/com.st.stm32cube.ide.mcu.externaltools.gnu-tools-for-stm32.12.3.rel1.win32_1.0.100.202403111256/tools/bin/../lib/gcc/arm-none-eabi/12.3.1/thumb/v7e-m+fp/hard\libgcc.a(_arm_truncdfsf2.o)
                0x08000a5c                __truncdfsf2
                0x08000a5c                __aeabi_d2f
 .text          0x08000afc       0x30 C:/ST/STM32CubeIDE_1.13.2/STM32CubeIDE/plugins/com.st.stm32cube.ide.mcu.externaltools.gnu-tools-for-stm32.12.3.rel1.win32_1.0.100.202403111256/tools/bin/../lib/gcc/arm-none-eabi/12.3.1/thumb/v7e-m+fp/hard\libgcc.a(_aeabi_uldivmod.o)
                0x08000afc                __aeabi_uldivmod
 .text          0x08000b2c      0x2bc C:/ST/STM32CubeIDE_1.13.2/STM32CubeIDE/plugins/com.st.stm32cube.ide.mcu.externaltools.gnu-tools-for-stm32.12.3.rel1.win32_1.0.100.202403111256/tools/bin/../lib/gcc/arm-none-eabi/12.3.1/thumb/v7e-m+fp/hard\libgcc.a(_udivmoddi4.o)
                0x08000b2c                __udivmoddi4
 .text          0x08000de8        0x4 C:/ST/STM32CubeIDE_1.13.2/STM32CubeIDE/plugins/com.st.stm32cube.ide.mcu.externaltools.gnu-tools-for-stm32.12.3.rel1.win32_1.0.100.202403111256/tools/bin/../lib/gcc/arm-none-eabi/12.3.1/thumb/v7e-m+fp/hard\libgcc.a(_dvmd_tls.o)
                0x08000de8                __aeabi_idiv0
                0x08000de8                __aeabi_ldiv0
 *(.text*)
 .text.HAL_CAN_RxFifo0MsgPendingCallback
                0x08000dec       0x3c ./Core/Src/can_manager.o
                0x08000dec                HAL_CAN_RxFifo0MsgPendingCallback
 .text.save_can_rx_data
                0x08000e28      0x398 ./Core/Src/can_manager.o
                0x08000e28                save_can_rx_data
 .text.can_tx_vcu_state
                0x080011c0       0x90 ./Core/Src/can_manager.o
                0x080011c0                can_tx_vcu_state
 .text.can_tx_torque_request
                0x08001250       0xe8 ./Core/Src/can_manager.o
                0x08001250                can_tx_torque_request
 .text.can_clear_MC_fault
                0x08001338       0x74 ./Core/Src/can_manager.o
                0x08001338                can_clear_MC_fault
 .text.Display_Init
                0x080013ac       0x54 ./Core/Src/frucd_display.o
                0x080013ac                Display_Init
 .text.Display_CalibrateScreen
                0x08001400       0x58 ./Core/Src/frucd_display.o
                0x08001400                Display_CalibrateScreen
 .text.Display_DriveTemplate
                0x08001458      0x140 ./Core/Src/frucd_display.o
                0x08001458                Display_DriveTemplate
 .text.Display_Update
                0x08001598       0x50 ./Core/Src/frucd_display.o
                0x08001598                Display_Update
 .text.draw_soc
                0x080015e8       0x20 ./Core/Src/frucd_display.o
                0x080015e8                draw_soc
 .text.draw_bms_temp
                0x08001608       0x20 ./Core/Src/frucd_display.o
                0x08001608                draw_bms_temp
 .text.draw_state
                0x08001628      0x374 ./Core/Src/frucd_display.o
                0x08001628                draw_state
 .text.draw_glv_v
                0x0800199c       0x80 ./Core/Src/frucd_display.o
                0x0800199c                draw_glv_v
 .text.value_to_color
                0x08001a1c       0x7e ./Core/Src/frucd_display.o
                0x08001a1c                value_to_color
 *fill*         0x08001a9a        0x2 
 .text.draw_value_textbox
                0x08001a9c       0x74 ./Core/Src/frucd_display.o
                0x08001a9c                draw_value_textbox
 .text.draw_textbox
                0x08001b10       0xca ./Core/Src/frucd_display.o
                0x08001b10                draw_textbox
 *fill*         0x08001bda        0x2 
 .text.change_state
                0x08001bdc       0x3c ./Core/Src/fsm.o
                0x08001bdc                change_state
 .text.report_fault
                0x08001c18       0x24 ./Core/Src/fsm.o
                0x08001c18                report_fault
 .text.hv_requested
                0x08001c3c       0x5c ./Core/Src/fsm.o
                0x08001c3c                hv_requested
 .text.one_byte_state
                0x08001c98       0x38 ./Core/Src/fsm.o
                0x08001c98                one_byte_state
 .text.__NVIC_EnableIRQ
                0x08001cd0       0x3c ./Core/Src/main.o
 .text.bufclear
                0x08001d0c       0x38 ./Core/Src/main.o
                0x08001d0c                bufclear
 .text.mount_sd_card
                0x08001d44       0x8c ./Core/Src/main.o
                0x08001d44                mount_sd_card
 .text.write_to_sd
                0x08001dd0       0xb8 ./Core/Src/main.o
                0x08001dd0                write_to_sd
 .text.traction_control_enable
                0x08001e88       0x18 ./Core/Src/main.o
                0x08001e88                traction_control_enable
 .text.hv_switch
                0x08001ea0       0x24 ./Core/Src/main.o
                0x08001ea0                hv_switch
 .text.drive_switch
                0x08001ec4       0x24 ./Core/Src/main.o
                0x08001ec4                drive_switch
 .text.shutdown_closed
                0x08001ee8       0x38 ./Core/Src/main.o
                0x08001ee8                shutdown_closed
 .text.HAL_TIM_PeriodElapsedCallback
                0x08001f20       0x50 ./Core/Src/main.o
                0x08001f20                HAL_TIM_PeriodElapsedCallback
 .text.main     0x08001f70      0x394 ./Core/Src/main.o
                0x08001f70                main
 .text.SystemClock_Config
                0x08002304       0xd8 ./Core/Src/main.o
                0x08002304                SystemClock_Config
 .text.MX_ADC1_Init
                0x080023dc       0xd4 ./Core/Src/main.o
 .text.MX_ADC3_Init
                0x080024b0       0xbc ./Core/Src/main.o
 .text.MX_CAN1_Init
                0x0800256c       0xd0 ./Core/Src/main.o
 .text.MX_CAN2_Init
                0x0800263c       0x6c ./Core/Src/main.o
 .text.MX_SDMMC1_SD_Init
                0x080026a8       0x40 ./Core/Src/main.o
 .text.MX_TIM2_Init
                0x080026e8       0xac ./Core/Src/main.o
 .text.MX_TIM4_Init
                0x08002794       0xb0 ./Core/Src/main.o
 .text.MX_TIM7_Init
                0x08002844       0x74 ./Core/Src/main.o
 .text.MX_UART4_Init
                0x080028b8       0x60 ./Core/Src/main.o
 .text.MX_UART7_Init
                0x08002918       0x60 ./Core/Src/main.o
 .text.MX_USART3_UART_Init
                0x08002978       0x60 ./Core/Src/main.o
 .text.MX_DMA_Init
                0x080029d8       0x6c ./Core/Src/main.o
 .text.MX_FMC_Init
                0x08002a44       0xc4 ./Core/Src/main.o
 .text.MX_GPIO_Init
                0x08002b08      0x184 ./Core/Src/main.o
 .text.Error_Handler
                0x08002c8c       0x18 ./Core/Src/main.o
                0x08002c8c                Error_Handler
 .text.init_sensors
                0x08002ca4       0x58 ./Core/Src/sensors.o
                0x08002ca4                init_sensors
 .text.select_adc_channel
                0x08002cfc       0xb8 ./Core/Src/sensors.o
                0x08002cfc                select_adc_channel
 .text.get_adc_conversion
                0x08002db4       0x38 ./Core/Src/sensors.o
                0x08002db4                get_adc_conversion
 .text.run_calibration
                0x08002dec       0x28 ./Core/Src/sensors.o
                0x08002dec                run_calibration
 .text.update_sensor_vals
                0x08002e14       0xc8 ./Core/Src/sensors.o
                0x08002e14                update_sensor_vals
 .text.requested_throttle
                0x08002edc       0x78 ./Core/Src/sensors.o
                0x08002edc                requested_throttle
 .text.temp_attenuate
                0x08002f54       0x58 ./Core/Src/sensors.o
                0x08002f54                temp_attenuate
 .text.sensors_calibrated
                0x08002fac       0x24 ./Core/Src/sensors.o
                0x08002fac                sensors_calibrated
 .text.has_discrepancy
                0x08002fd0       0x64 ./Core/Src/sensors.o
                0x08002fd0                has_discrepancy
 .text.brake_implausible
                0x08003034       0x54 ./Core/Src/sensors.o
                0x08003034                brake_implausible
 .text.update_percent
                0x08003088       0x44 ./Core/Src/sensors.o
                0x08003088                update_percent
 .text.update_minmax
                0x080030cc       0x5a ./Core/Src/sensors.o
                0x080030cc                update_minmax
 *fill*         0x08003126        0x2 
 .text.add_apps_deadzone
                0x08003128       0x2c ./Core/Src/sensors.o
                0x08003128                add_apps_deadzone
 .text.add_deadzone
                0x08003154       0x60 ./Core/Src/sensors.o
                0x08003154                add_deadzone
 .text.clamp    0x080031b4       0x38 ./Core/Src/sensors.o
                0x080031b4                clamp
 .text.print    0x080031ec       0x14 ./Core/Src/serial_print.o
                0x080031ec                print
 .text.HAL_MspInit
                0x08003200       0x48 ./Core/Src/stm32f7xx_hal_msp.o
                0x08003200                HAL_MspInit
 .text.HAL_ADC_MspInit
                0x08003248      0x1b0 ./Core/Src/stm32f7xx_hal_msp.o
                0x08003248                HAL_ADC_MspInit
 .text.HAL_CAN_MspInit
                0x080033f8      0x140 ./Core/Src/stm32f7xx_hal_msp.o
                0x080033f8                HAL_CAN_MspInit
 .text.HAL_SD_MspInit
                0x08003538      0x21c ./Core/Src/stm32f7xx_hal_msp.o
                0x08003538                HAL_SD_MspInit
 .text.HAL_TIM_Base_MspInit
                0x08003754      0x120 ./Core/Src/stm32f7xx_hal_msp.o
                0x08003754                HAL_TIM_Base_MspInit
 .text.HAL_UART_MspInit
                0x08003874      0x1d8 ./Core/Src/stm32f7xx_hal_msp.o
                0x08003874                HAL_UART_MspInit
 .text.HAL_FMC_MspInit
                0x08003a4c       0xb8 ./Core/Src/stm32f7xx_hal_msp.o
 .text.HAL_SRAM_MspInit
                0x08003b04       0x14 ./Core/Src/stm32f7xx_hal_msp.o
                0x08003b04                HAL_SRAM_MspInit
 .text.NMI_Handler
                0x08003b18        0x8 ./Core/Src/stm32f7xx_it.o
                0x08003b18                NMI_Handler
 .text.HardFault_Handler
                0x08003b20        0x8 ./Core/Src/stm32f7xx_it.o
                0x08003b20                HardFault_Handler
 .text.MemManage_Handler
                0x08003b28        0x8 ./Core/Src/stm32f7xx_it.o
                0x08003b28                MemManage_Handler
 .text.BusFault_Handler
                0x08003b30        0x8 ./Core/Src/stm32f7xx_it.o
                0x08003b30                BusFault_Handler
 .text.UsageFault_Handler
                0x08003b38        0x8 ./Core/Src/stm32f7xx_it.o
                0x08003b38                UsageFault_Handler
 .text.SVC_Handler
                0x08003b40        0xe ./Core/Src/stm32f7xx_it.o
                0x08003b40                SVC_Handler
 .text.DebugMon_Handler
                0x08003b4e        0xe ./Core/Src/stm32f7xx_it.o
                0x08003b4e                DebugMon_Handler
 .text.PendSV_Handler
                0x08003b5c        0xe ./Core/Src/stm32f7xx_it.o
                0x08003b5c                PendSV_Handler
 .text.SysTick_Handler
                0x08003b6a        0xc ./Core/Src/stm32f7xx_it.o
                0x08003b6a                SysTick_Handler
 *fill*         0x08003b76        0x2 
 .text.CAN1_RX0_IRQHandler
                0x08003b78       0x14 ./Core/Src/stm32f7xx_it.o
                0x08003b78                CAN1_RX0_IRQHandler
 .text.SDMMC1_IRQHandler
                0x08003b8c       0x14 ./Core/Src/stm32f7xx_it.o
                0x08003b8c                SDMMC1_IRQHandler
 .text.TIM7_IRQHandler
                0x08003ba0       0x14 ./Core/Src/stm32f7xx_it.o
                0x08003ba0                TIM7_IRQHandler
 .text.DMA2_Stream0_IRQHandler
                0x08003bb4       0x14 ./Core/Src/stm32f7xx_it.o
                0x08003bb4                DMA2_Stream0_IRQHandler
 .text.DMA2_Stream1_IRQHandler
                0x08003bc8       0x14 ./Core/Src/stm32f7xx_it.o
                0x08003bc8                DMA2_Stream1_IRQHandler
 .text.DMA2_Stream3_IRQHandler
                0x08003bdc       0x14 ./Core/Src/stm32f7xx_it.o
                0x08003bdc                DMA2_Stream3_IRQHandler
 .text.DMA2_Stream6_IRQHandler
                0x08003bf0       0x14 ./Core/Src/stm32f7xx_it.o
                0x08003bf0                DMA2_Stream6_IRQHandler
 .text._sbrk    0x08003c04       0x6c ./Core/Src/sysmem.o
                0x08003c04                _sbrk
 .text.SystemInit
                0x08003c70       0x24 ./Core/Src/system_stm32f7xx.o
                0x08003c70                SystemInit
 .text.telem_send
                0x08003c94      0x104 ./Core/Src/telem.o
                0x08003c94                telem_send
 .text.traction_control_PID
                0x08003d98      0x1a0 ./Core/Src/traction_control.o
                0x08003d98                traction_control_PID
 .text.UG_Init  0x08003f38      0x12c ./Core/Src/ugui.o
                0x08003f38                UG_Init
 .text.UG_FontSelect
                0x08004064       0x2c ./Core/Src/ugui.o
                0x08004064                UG_FontSelect
 .text.UG_FillScreen
                0x08004090       0x44 ./Core/Src/ugui.o
                0x08004090                UG_FillScreen
 .text.UG_FillFrame
                0x080040d4       0xe0 ./Core/Src/ugui.o
                0x080040d4                UG_FillFrame
 .text.UG_PutString
                0x080041b4      0x10c ./Core/Src/ugui.o
                0x080041b4                UG_PutString
 .text.UG_PutColorString
                0x080042c0      0x108 ./Core/Src/ugui.o
                0x080042c0                UG_PutColorString
 .text.UG_PutChar
                0x080043c8       0x48 ./Core/Src/ugui.o
                0x080043c8                UG_PutChar
 .text.UG_SetForecolor
                0x08004410       0x24 ./Core/Src/ugui.o
                0x08004410                UG_SetForecolor
 .text.UG_SetBackcolor
                0x08004434       0x24 ./Core/Src/ugui.o
                0x08004434                UG_SetBackcolor
 .text.UG_FontSetHSpace
                0x08004458       0x28 ./Core/Src/ugui.o
                0x08004458                UG_FontSetHSpace
 .text.UG_FontSetVSpace
                0x08004480       0x28 ./Core/Src/ugui.o
                0x08004480                UG_FontSetVSpace
 .text._UG_PutChar
                0x080044a8      0x530 ./Core/Src/ugui.o
                0x080044a8                _UG_PutChar
 .text.UG_DriverRegister
                0x080049d8       0x44 ./Core/Src/ugui.o
                0x080049d8                UG_DriverRegister
 .text.SSD1963_Reset
                0x08004a1c       0x14 ./Core/Src/ugui_SSD1963.o
                0x08004a1c                SSD1963_Reset
 .text.SSD1963_Init
                0x08004a30      0x130 ./Core/Src/ugui_SSD1963.o
                0x08004a30                SSD1963_Init
 .text.SSD1963_WindowSet
                0x08004b60       0x92 ./Core/Src/ugui_SSD1963.o
                0x08004b60                SSD1963_WindowSet
 .text.SSD1963_PSet
                0x08004bf2       0x62 ./Core/Src/ugui_SSD1963.o
                0x08004bf2                SSD1963_PSet
 .text.SSD1963_WriteMemoryStart
                0x08004c54        0xe ./Core/Src/ugui_SSD1963.o
                0x08004c54                SSD1963_WriteMemoryStart
 .text.SSD1963_ConsecutivePSet
                0x08004c62       0x1a ./Core/Src/ugui_SSD1963.o
                0x08004c62                SSD1963_ConsecutivePSet
 .text.HW_FillFrame
                0x08004c7c       0xca ./Core/Src/ugui_SSD1963.o
                0x08004c7c                HW_FillFrame
 .text.HW_DrawLine
                0x08004d46       0xb4 ./Core/Src/ugui_SSD1963.o
                0x08004d46                HW_DrawLine
 .text.HW_DrawImage
                0x08004dfa       0xa8 ./Core/Src/ugui_SSD1963.o
                0x08004dfa                HW_DrawImage
 .text.write_command
                0x08004ea2       0x34 ./Core/Src/ugui_SSD1963.o
                0x08004ea2                write_command
 *fill*         0x08004ed6        0x2 
 .text.write_data
                0x08004ed8       0x34 ./Core/Src/ugui_SSD1963.o
                0x08004ed8                write_data
 .text.write_multi_data
                0x08004f0c       0x5c ./Core/Src/ugui_SSD1963.o
                0x08004f0c                write_multi_data
 .text.Reset_Handler
                0x08004f68       0x50 ./Core/Startup/startup_stm32f746zgtx.o
                0x08004f68                Reset_Handler
 .text.Default_Handler
                0x08004fb8        0x2 ./Core/Startup/startup_stm32f746zgtx.o
                0x08004fb8                RTC_Alarm_IRQHandler
                0x08004fb8                EXTI2_IRQHandler
                0x08004fb8                TIM8_CC_IRQHandler
                0x08004fb8                UART8_IRQHandler
                0x08004fb8                SPI4_IRQHandler
                0x08004fb8                TIM1_CC_IRQHandler
                0x08004fb8                DMA2_Stream5_IRQHandler
                0x08004fb8                DMA1_Stream5_IRQHandler
                0x08004fb8                PVD_IRQHandler
                0x08004fb8                TAMP_STAMP_IRQHandler
                0x08004fb8                CAN2_RX1_IRQHandler
                0x08004fb8                EXTI3_IRQHandler
                0x08004fb8                TIM8_TRG_COM_TIM14_IRQHandler
                0x08004fb8                TIM1_UP_TIM10_IRQHandler
                0x08004fb8                TIM8_UP_TIM13_IRQHandler
                0x08004fb8                I2C3_ER_IRQHandler
                0x08004fb8                EXTI0_IRQHandler
                0x08004fb8                I2C2_EV_IRQHandler
                0x08004fb8                DMA1_Stream2_IRQHandler
                0x08004fb8                FPU_IRQHandler
                0x08004fb8                OTG_HS_WKUP_IRQHandler
                0x08004fb8                LTDC_ER_IRQHandler
                0x08004fb8                CAN2_SCE_IRQHandler
                0x08004fb8                DMA2_Stream2_IRQHandler
                0x08004fb8                SPI1_IRQHandler
                0x08004fb8                TIM6_DAC_IRQHandler
                0x08004fb8                TIM1_BRK_TIM9_IRQHandler
                0x08004fb8                DCMI_IRQHandler
                0x08004fb8                CAN2_RX0_IRQHandler
                0x08004fb8                SAI2_IRQHandler
                0x08004fb8                USART6_IRQHandler
                0x08004fb8                USART3_IRQHandler
                0x08004fb8                CAN1_RX1_IRQHandler
                0x08004fb8                UART5_IRQHandler
                0x08004fb8                TIM4_IRQHandler
                0x08004fb8                QUADSPI_IRQHandler
                0x08004fb8                I2C1_EV_IRQHandler
                0x08004fb8                DMA1_Stream6_IRQHandler
                0x08004fb8                DMA1_Stream1_IRQHandler
                0x08004fb8                UART4_IRQHandler
                0x08004fb8                TIM3_IRQHandler
                0x08004fb8                RCC_IRQHandler
                0x08004fb8                TIM8_BRK_TIM12_IRQHandler
                0x08004fb8                Default_Handler
                0x08004fb8                CEC_IRQHandler
                0x08004fb8                EXTI15_10_IRQHandler
                0x08004fb8                ADC_IRQHandler
                0x08004fb8                DMA1_Stream7_IRQHandler
                0x08004fb8                SPI5_IRQHandler
                0x08004fb8                CAN2_TX_IRQHandler
                0x08004fb8                TIM5_IRQHandler
                0x08004fb8                DMA2_Stream7_IRQHandler
                0x08004fb8                I2C3_EV_IRQHandler
                0x08004fb8                EXTI9_5_IRQHandler
                0x08004fb8                RTC_WKUP_IRQHandler
                0x08004fb8                LTDC_IRQHandler
                0x08004fb8                ETH_WKUP_IRQHandler
                0x08004fb8                SPDIF_RX_IRQHandler
                0x08004fb8                SPI2_IRQHandler
                0x08004fb8                OTG_HS_EP1_IN_IRQHandler
                0x08004fb8                DMA1_Stream0_IRQHandler
                0x08004fb8                CAN1_TX_IRQHandler
                0x08004fb8                EXTI4_IRQHandler
                0x08004fb8                RNG_IRQHandler
                0x08004fb8                ETH_IRQHandler
                0x08004fb8                OTG_HS_EP1_OUT_IRQHandler
                0x08004fb8                WWDG_IRQHandler
                0x08004fb8                SPI6_IRQHandler
                0x08004fb8                I2C4_EV_IRQHandler
                0x08004fb8                TIM2_IRQHandler
                0x08004fb8                OTG_FS_WKUP_IRQHandler
                0x08004fb8                TIM1_TRG_COM_TIM11_IRQHandler
                0x08004fb8                OTG_HS_IRQHandler
                0x08004fb8                DMA2D_IRQHandler
                0x08004fb8                EXTI1_IRQHandler
                0x08004fb8                UART7_IRQHandler
                0x08004fb8                USART2_IRQHandler
                0x08004fb8                I2C2_ER_IRQHandler
                0x08004fb8                CAN1_SCE_IRQHandler
                0x08004fb8                FLASH_IRQHandler
                0x08004fb8                DMA2_Stream4_IRQHandler
                0x08004fb8                USART1_IRQHandler
                0x08004fb8                OTG_FS_IRQHandler
                0x08004fb8                SPI3_IRQHandler
                0x08004fb8                DMA1_Stream4_IRQHandler
                0x08004fb8                I2C1_ER_IRQHandler
                0x08004fb8                FMC_IRQHandler
                0x08004fb8                LPTIM1_IRQHandler
                0x08004fb8                I2C4_ER_IRQHandler
                0x08004fb8                SAI1_IRQHandler
                0x08004fb8                DMA1_Stream3_IRQHandler
 .text.HAL_Init
                0x08004fba       0x1a ./Drivers/STM32F7xx_HAL_Driver/Src/stm32f7xx_hal.o
                0x08004fba                HAL_Init
 .text.HAL_InitTick
                0x08004fd4       0x60 ./Drivers/STM32F7xx_HAL_Driver/Src/stm32f7xx_hal.o
                0x08004fd4                HAL_InitTick
 .text.HAL_IncTick
                0x08005034       0x28 ./Drivers/STM32F7xx_HAL_Driver/Src/stm32f7xx_hal.o
                0x08005034                HAL_IncTick
 .text.HAL_GetTick
                0x0800505c       0x18 ./Drivers/STM32F7xx_HAL_Driver/Src/stm32f7xx_hal.o
                0x0800505c                HAL_GetTick
 .text.HAL_Delay
                0x08005074       0x48 ./Drivers/STM32F7xx_HAL_Driver/Src/stm32f7xx_hal.o
                0x08005074                HAL_Delay
 .text.HAL_ADC_Init
                0x080050bc       0x88 ./Drivers/STM32F7xx_HAL_Driver/Src/stm32f7xx_hal_adc.o
                0x080050bc                HAL_ADC_Init
 .text.HAL_ADC_Start
                0x08005144      0x19c ./Drivers/STM32F7xx_HAL_Driver/Src/stm32f7xx_hal_adc.o
                0x08005144                HAL_ADC_Start
 .text.HAL_ADC_PollForConversion
                0x080052e0      0x116 ./Drivers/STM32F7xx_HAL_Driver/Src/stm32f7xx_hal_adc.o
                0x080052e0                HAL_ADC_PollForConversion
 .text.HAL_ADC_GetValue
                0x080053f6       0x1a ./Drivers/STM32F7xx_HAL_Driver/Src/stm32f7xx_hal_adc.o
                0x080053f6                HAL_ADC_GetValue
 .text.HAL_ADC_ConfigChannel
                0x08005410      0x2ac ./Drivers/STM32F7xx_HAL_Driver/Src/stm32f7xx_hal_adc.o
                0x08005410                HAL_ADC_ConfigChannel
 .text.ADC_Init
                0x080056bc      0x1f4 ./Drivers/STM32F7xx_HAL_Driver/Src/stm32f7xx_hal_adc.o
 .text.HAL_CAN_Init
                0x080058b0      0x1f6 ./Drivers/STM32F7xx_HAL_Driver/Src/stm32f7xx_hal_can.o
                0x080058b0                HAL_CAN_Init
 *fill*         0x08005aa6        0x2 
 .text.HAL_CAN_ConfigFilter
                0x08005aa8      0x1c0 ./Drivers/STM32F7xx_HAL_Driver/Src/stm32f7xx_hal_can.o
                0x08005aa8                HAL_CAN_ConfigFilter
 .text.HAL_CAN_Start
                0x08005c68       0x88 ./Drivers/STM32F7xx_HAL_Driver/Src/stm32f7xx_hal_can.o
                0x08005c68                HAL_CAN_Start
 .text.HAL_CAN_AddTxMessage
                0x08005cf0      0x1a0 ./Drivers/STM32F7xx_HAL_Driver/Src/stm32f7xx_hal_can.o
                0x08005cf0                HAL_CAN_AddTxMessage
 .text.HAL_CAN_GetRxMessage
                0x08005e90      0x224 ./Drivers/STM32F7xx_HAL_Driver/Src/stm32f7xx_hal_can.o
                0x08005e90                HAL_CAN_GetRxMessage
 .text.HAL_CAN_ActivateNotification
                0x080060b4       0x4c ./Drivers/STM32F7xx_HAL_Driver/Src/stm32f7xx_hal_can.o
                0x080060b4                HAL_CAN_ActivateNotification
 .text.HAL_CAN_IRQHandler
                0x08006100      0x36e ./Drivers/STM32F7xx_HAL_Driver/Src/stm32f7xx_hal_can.o
                0x08006100                HAL_CAN_IRQHandler
 .text.HAL_CAN_TxMailbox0CompleteCallback
                0x0800646e       0x14 ./Drivers/STM32F7xx_HAL_Driver/Src/stm32f7xx_hal_can.o
                0x0800646e                HAL_CAN_TxMailbox0CompleteCallback
 .text.HAL_CAN_TxMailbox1CompleteCallback
                0x08006482       0x14 ./Drivers/STM32F7xx_HAL_Driver/Src/stm32f7xx_hal_can.o
                0x08006482                HAL_CAN_TxMailbox1CompleteCallback
 .text.HAL_CAN_TxMailbox2CompleteCallback
                0x08006496       0x14 ./Drivers/STM32F7xx_HAL_Driver/Src/stm32f7xx_hal_can.o
                0x08006496                HAL_CAN_TxMailbox2CompleteCallback
 .text.HAL_CAN_TxMailbox0AbortCallback
                0x080064aa       0x14 ./Drivers/STM32F7xx_HAL_Driver/Src/stm32f7xx_hal_can.o
                0x080064aa                HAL_CAN_TxMailbox0AbortCallback
 .text.HAL_CAN_TxMailbox1AbortCallback
                0x080064be       0x14 ./Drivers/STM32F7xx_HAL_Driver/Src/stm32f7xx_hal_can.o
                0x080064be                HAL_CAN_TxMailbox1AbortCallback
 .text.HAL_CAN_TxMailbox2AbortCallback
                0x080064d2       0x14 ./Drivers/STM32F7xx_HAL_Driver/Src/stm32f7xx_hal_can.o
                0x080064d2                HAL_CAN_TxMailbox2AbortCallback
 .text.HAL_CAN_RxFifo0FullCallback
                0x080064e6       0x14 ./Drivers/STM32F7xx_HAL_Driver/Src/stm32f7xx_hal_can.o
                0x080064e6                HAL_CAN_RxFifo0FullCallback
 .text.HAL_CAN_RxFifo1MsgPendingCallback
                0x080064fa       0x14 ./Drivers/STM32F7xx_HAL_Driver/Src/stm32f7xx_hal_can.o
                0x080064fa                HAL_CAN_RxFifo1MsgPendingCallback
 .text.HAL_CAN_RxFifo1FullCallback
                0x0800650e       0x14 ./Drivers/STM32F7xx_HAL_Driver/Src/stm32f7xx_hal_can.o
                0x0800650e                HAL_CAN_RxFifo1FullCallback
 .text.HAL_CAN_SleepCallback
                0x08006522       0x14 ./Drivers/STM32F7xx_HAL_Driver/Src/stm32f7xx_hal_can.o
                0x08006522                HAL_CAN_SleepCallback
 .text.HAL_CAN_WakeUpFromRxMsgCallback
                0x08006536       0x14 ./Drivers/STM32F7xx_HAL_Driver/Src/stm32f7xx_hal_can.o
                0x08006536                HAL_CAN_WakeUpFromRxMsgCallback
 .text.HAL_CAN_ErrorCallback
                0x0800654a       0x14 ./Drivers/STM32F7xx_HAL_Driver/Src/stm32f7xx_hal_can.o
                0x0800654a                HAL_CAN_ErrorCallback
 *fill*         0x0800655e        0x2 
 .text.__NVIC_SetPriorityGrouping
                0x08006560       0x48 ./Drivers/STM32F7xx_HAL_Driver/Src/stm32f7xx_hal_cortex.o
 .text.__NVIC_GetPriorityGrouping
                0x080065a8       0x1c ./Drivers/STM32F7xx_HAL_Driver/Src/stm32f7xx_hal_cortex.o
 .text.__NVIC_EnableIRQ
                0x080065c4       0x3c ./Drivers/STM32F7xx_HAL_Driver/Src/stm32f7xx_hal_cortex.o
 .text.__NVIC_SetPriority
                0x08006600       0x54 ./Drivers/STM32F7xx_HAL_Driver/Src/stm32f7xx_hal_cortex.o
 .text.NVIC_EncodePriority
                0x08006654       0x66 ./Drivers/STM32F7xx_HAL_Driver/Src/stm32f7xx_hal_cortex.o
 *fill*         0x080066ba        0x2 
 .text.SysTick_Config
                0x080066bc       0x44 ./Drivers/STM32F7xx_HAL_Driver/Src/stm32f7xx_hal_cortex.o
 .text.HAL_NVIC_SetPriorityGrouping
                0x08006700       0x16 ./Drivers/STM32F7xx_HAL_Driver/Src/stm32f7xx_hal_cortex.o
                0x08006700                HAL_NVIC_SetPriorityGrouping
 .text.HAL_NVIC_SetPriority
                0x08006716       0x38 ./Drivers/STM32F7xx_HAL_Driver/Src/stm32f7xx_hal_cortex.o
                0x08006716                HAL_NVIC_SetPriority
 .text.HAL_NVIC_EnableIRQ
                0x0800674e       0x1c ./Drivers/STM32F7xx_HAL_Driver/Src/stm32f7xx_hal_cortex.o
                0x0800674e                HAL_NVIC_EnableIRQ
 .text.HAL_SYSTICK_Config
                0x0800676a       0x18 ./Drivers/STM32F7xx_HAL_Driver/Src/stm32f7xx_hal_cortex.o
                0x0800676a                HAL_SYSTICK_Config
 *fill*         0x08006782        0x2 
 .text.HAL_DMA_Init
                0x08006784      0x15c ./Drivers/STM32F7xx_HAL_Driver/Src/stm32f7xx_hal_dma.o
                0x08006784                HAL_DMA_Init
 .text.HAL_DMA_Start_IT
                0x080068e0       0xc0 ./Drivers/STM32F7xx_HAL_Driver/Src/stm32f7xx_hal_dma.o
                0x080068e0                HAL_DMA_Start_IT
 .text.HAL_DMA_Abort_IT
                0x080069a0       0x44 ./Drivers/STM32F7xx_HAL_Driver/Src/stm32f7xx_hal_dma.o
                0x080069a0                HAL_DMA_Abort_IT
 .text.HAL_DMA_IRQHandler
                0x080069e4      0x314 ./Drivers/STM32F7xx_HAL_Driver/Src/stm32f7xx_hal_dma.o
                0x080069e4                HAL_DMA_IRQHandler
 .text.HAL_DMA_GetError
                0x08006cf8       0x18 ./Drivers/STM32F7xx_HAL_Driver/Src/stm32f7xx_hal_dma.o
                0x08006cf8                HAL_DMA_GetError
 .text.DMA_SetConfig
                0x08006d10       0x5c ./Drivers/STM32F7xx_HAL_Driver/Src/stm32f7xx_hal_dma.o
 .text.DMA_CalcBaseAndBitshift
                0x08006d6c       0x6c ./Drivers/STM32F7xx_HAL_Driver/Src/stm32f7xx_hal_dma.o
 .text.DMA_CheckFifoParam
                0x08006dd8       0xf8 ./Drivers/STM32F7xx_HAL_Driver/Src/stm32f7xx_hal_dma.o
 .text.HAL_GPIO_Init
                0x08006ed0      0x358 ./Drivers/STM32F7xx_HAL_Driver/Src/stm32f7xx_hal_gpio.o
                0x08006ed0                HAL_GPIO_Init
 .text.HAL_GPIO_ReadPin
                0x08007228       0x30 ./Drivers/STM32F7xx_HAL_Driver/Src/stm32f7xx_hal_gpio.o
                0x08007228                HAL_GPIO_ReadPin
 .text.HAL_GPIO_WritePin
                0x08007258       0x32 ./Drivers/STM32F7xx_HAL_Driver/Src/stm32f7xx_hal_gpio.o
                0x08007258                HAL_GPIO_WritePin
 *fill*         0x0800728a        0x2 
 .text.HAL_PWREx_EnableOverDrive
                0x0800728c       0xa0 ./Drivers/STM32F7xx_HAL_Driver/Src/stm32f7xx_hal_pwr_ex.o
                0x0800728c                HAL_PWREx_EnableOverDrive
 .text.HAL_RCC_OscConfig
                0x0800732c      0x548 ./Drivers/STM32F7xx_HAL_Driver/Src/stm32f7xx_hal_rcc.o
                0x0800732c                HAL_RCC_OscConfig
 .text.HAL_RCC_ClockConfig
                0x08007874      0x1d8 ./Drivers/STM32F7xx_HAL_Driver/Src/stm32f7xx_hal_rcc.o
                0x08007874                HAL_RCC_ClockConfig
 .text.HAL_RCC_GetSysClockFreq
                0x08007a4c      0x208 ./Drivers/STM32F7xx_HAL_Driver/Src/stm32f7xx_hal_rcc.o
                0x08007a4c                HAL_RCC_GetSysClockFreq
 .text.HAL_RCC_GetHCLKFreq
                0x08007c54       0x18 ./Drivers/STM32F7xx_HAL_Driver/Src/stm32f7xx_hal_rcc.o
                0x08007c54                HAL_RCC_GetHCLKFreq
 .text.HAL_RCC_GetPCLK1Freq
                0x08007c6c       0x28 ./Drivers/STM32F7xx_HAL_Driver/Src/stm32f7xx_hal_rcc.o
                0x08007c6c                HAL_RCC_GetPCLK1Freq
 .text.HAL_RCC_GetPCLK2Freq
                0x08007c94       0x28 ./Drivers/STM32F7xx_HAL_Driver/Src/stm32f7xx_hal_rcc.o
                0x08007c94                HAL_RCC_GetPCLK2Freq
 .text.HAL_RCCEx_PeriphCLKConfig
                0x08007cbc      0x7e0 ./Drivers/STM32F7xx_HAL_Driver/Src/stm32f7xx_hal_rcc_ex.o
                0x08007cbc                HAL_RCCEx_PeriphCLKConfig
 .text.HAL_SD_Init
                0x0800849c       0x60 ./Drivers/STM32F7xx_HAL_Driver/Src/stm32f7xx_hal_sd.o
                0x0800849c                HAL_SD_Init
 .text.HAL_SD_InitCard
                0x080084fc      0x110 ./Drivers/STM32F7xx_HAL_Driver/Src/stm32f7xx_hal_sd.o
                0x080084fc                HAL_SD_InitCard
 .text.HAL_SD_ReadBlocks_DMA
                0x0800860c      0x1c4 ./Drivers/STM32F7xx_HAL_Driver/Src/stm32f7xx_hal_sd.o
                0x0800860c                HAL_SD_ReadBlocks_DMA
 .text.HAL_SD_WriteBlocks_DMA
                0x080087d0      0x1cc ./Drivers/STM32F7xx_HAL_Driver/Src/stm32f7xx_hal_sd.o
                0x080087d0                HAL_SD_WriteBlocks_DMA
 .text.HAL_SD_IRQHandler
                0x0800899c      0x2ec ./Drivers/STM32F7xx_HAL_Driver/Src/stm32f7xx_hal_sd.o
                0x0800899c                HAL_SD_IRQHandler
 .text.HAL_SD_ErrorCallback
                0x08008c88       0x14 ./Drivers/STM32F7xx_HAL_Driver/Src/stm32f7xx_hal_sd.o
                0x08008c88                HAL_SD_ErrorCallback
 .text.HAL_SD_GetCardCSD
                0x08008c9c      0x348 ./Drivers/STM32F7xx_HAL_Driver/Src/stm32f7xx_hal_sd.o
                0x08008c9c                HAL_SD_GetCardCSD
 .text.HAL_SD_GetCardInfo
                0x08008fe4       0x58 ./Drivers/STM32F7xx_HAL_Driver/Src/stm32f7xx_hal_sd.o
                0x08008fe4                HAL_SD_GetCardInfo
 .text.HAL_SD_GetCardState
                0x0800903c       0x40 ./Drivers/STM32F7xx_HAL_Driver/Src/stm32f7xx_hal_sd.o
                0x0800903c                HAL_SD_GetCardState
 .text.SD_DMATransmitCplt
                0x0800907c       0x2a ./Drivers/STM32F7xx_HAL_Driver/Src/stm32f7xx_hal_sd.o
 .text.SD_DMAReceiveCplt
                0x080090a6       0x70 ./Drivers/STM32F7xx_HAL_Driver/Src/stm32f7xx_hal_sd.o
 *fill*         0x08009116        0x2 
 .text.SD_DMAError
                0x08009118       0xa4 ./Drivers/STM32F7xx_HAL_Driver/Src/stm32f7xx_hal_sd.o
 .text.SD_DMATxAbort
                0x080091bc       0x6e ./Drivers/STM32F7xx_HAL_Driver/Src/stm32f7xx_hal_sd.o
 .text.SD_DMARxAbort
                0x0800922a       0x6e ./Drivers/STM32F7xx_HAL_Driver/Src/stm32f7xx_hal_sd.o
 .text.SD_InitCard
                0x08009298      0x19c ./Drivers/STM32F7xx_HAL_Driver/Src/stm32f7xx_hal_sd.o
 .text.SD_PowerON
                0x08009434      0x11c ./Drivers/STM32F7xx_HAL_Driver/Src/stm32f7xx_hal_sd.o
 .text.SD_SendStatus
                0x08009550       0x50 ./Drivers/STM32F7xx_HAL_Driver/Src/stm32f7xx_hal_sd.o
 .text.SD_Read_IT
                0x080095a0       0xa2 ./Drivers/STM32F7xx_HAL_Driver/Src/stm32f7xx_hal_sd.o
 .text.SD_Write_IT
                0x08009642       0xaa ./Drivers/STM32F7xx_HAL_Driver/Src/stm32f7xx_hal_sd.o
 .text.HAL_SRAM_Init
                0x080096ec       0x90 ./Drivers/STM32F7xx_HAL_Driver/Src/stm32f7xx_hal_sram.o
                0x080096ec                HAL_SRAM_Init
 .text.HAL_TIM_Base_Init
                0x0800977c       0xae ./Drivers/STM32F7xx_HAL_Driver/Src/stm32f7xx_hal_tim.o
                0x0800977c                HAL_TIM_Base_Init
 *fill*         0x0800982a        0x2 
 .text.HAL_TIM_Base_Start_IT
                0x0800982c       0xf0 ./Drivers/STM32F7xx_HAL_Driver/Src/stm32f7xx_hal_tim.o
                0x0800982c                HAL_TIM_Base_Start_IT
 .text.HAL_TIM_IRQHandler
                0x0800991c      0x23e ./Drivers/STM32F7xx_HAL_Driver/Src/stm32f7xx_hal_tim.o
                0x0800991c                HAL_TIM_IRQHandler
 .text.HAL_TIM_SlaveConfigSynchro
                0x08009b5a       0x84 ./Drivers/STM32F7xx_HAL_Driver/Src/stm32f7xx_hal_tim.o
                0x08009b5a                HAL_TIM_SlaveConfigSynchro
 .text.HAL_TIM_OC_DelayElapsedCallback
                0x08009bde       0x14 ./Drivers/STM32F7xx_HAL_Driver/Src/stm32f7xx_hal_tim.o
                0x08009bde                HAL_TIM_OC_DelayElapsedCallback
 .text.HAL_TIM_IC_CaptureCallback
                0x08009bf2       0x14 ./Drivers/STM32F7xx_HAL_Driver/Src/stm32f7xx_hal_tim.o
                0x08009bf2                HAL_TIM_IC_CaptureCallback
 .text.HAL_TIM_PWM_PulseFinishedCallback
                0x08009c06       0x14 ./Drivers/STM32F7xx_HAL_Driver/Src/stm32f7xx_hal_tim.o
                0x08009c06                HAL_TIM_PWM_PulseFinishedCallback
 .text.HAL_TIM_TriggerCallback
                0x08009c1a       0x14 ./Drivers/STM32F7xx_HAL_Driver/Src/stm32f7xx_hal_tim.o
                0x08009c1a                HAL_TIM_TriggerCallback
 *fill*         0x08009c2e        0x2 
 .text.TIM_Base_SetConfig
                0x08009c30      0x140 ./Drivers/STM32F7xx_HAL_Driver/Src/stm32f7xx_hal_tim.o
                0x08009c30                TIM_Base_SetConfig
 .text.TIM_SlaveTimer_SetConfig
                0x08009d70      0x128 ./Drivers/STM32F7xx_HAL_Driver/Src/stm32f7xx_hal_tim.o
 .text.TIM_TI1_ConfigInputStage
                0x08009e98       0x5e ./Drivers/STM32F7xx_HAL_Driver/Src/stm32f7xx_hal_tim.o
 .text.TIM_TI2_ConfigInputStage
                0x08009ef6       0x60 ./Drivers/STM32F7xx_HAL_Driver/Src/stm32f7xx_hal_tim.o
 .text.TIM_ETR_SetConfig
                0x08009f56       0x40 ./Drivers/STM32F7xx_HAL_Driver/Src/stm32f7xx_hal_tim.o
                0x08009f56                TIM_ETR_SetConfig
 *fill*         0x08009f96        0x2 
 .text.HAL_TIMEx_MasterConfigSynchronization
                0x08009f98      0x11c ./Drivers/STM32F7xx_HAL_Driver/Src/stm32f7xx_hal_tim_ex.o
                0x08009f98                HAL_TIMEx_MasterConfigSynchronization
 .text.HAL_TIMEx_CommutCallback
                0x0800a0b4       0x14 ./Drivers/STM32F7xx_HAL_Driver/Src/stm32f7xx_hal_tim_ex.o
                0x0800a0b4                HAL_TIMEx_CommutCallback
 .text.HAL_TIMEx_BreakCallback
                0x0800a0c8       0x14 ./Drivers/STM32F7xx_HAL_Driver/Src/stm32f7xx_hal_tim_ex.o
                0x0800a0c8                HAL_TIMEx_BreakCallback
 .text.HAL_TIMEx_Break2Callback
                0x0800a0dc       0x14 ./Drivers/STM32F7xx_HAL_Driver/Src/stm32f7xx_hal_tim_ex.o
                0x0800a0dc                HAL_TIMEx_Break2Callback
 .text.HAL_UART_Init
                0x0800a0f0       0x9c ./Drivers/STM32F7xx_HAL_Driver/Src/stm32f7xx_hal_uart.o
                0x0800a0f0                HAL_UART_Init
 .text.HAL_UART_Transmit
                0x0800a18c      0x106 ./Drivers/STM32F7xx_HAL_Driver/Src/stm32f7xx_hal_uart.o
                0x0800a18c                HAL_UART_Transmit
 *fill*         0x0800a292        0x2 
 .text.UART_SetConfig
                0x0800a294      0x4c8 ./Drivers/STM32F7xx_HAL_Driver/Src/stm32f7xx_hal_uart.o
                0x0800a294                UART_SetConfig
 .text.UART_AdvFeatureConfig
                0x0800a75c      0x144 ./Drivers/STM32F7xx_HAL_Driver/Src/stm32f7xx_hal_uart.o
                0x0800a75c                UART_AdvFeatureConfig
 .text.UART_CheckIdleState
                0x0800a8a0       0x6e ./Drivers/STM32F7xx_HAL_Driver/Src/stm32f7xx_hal_uart.o
                0x0800a8a0                UART_CheckIdleState
 .text.UART_WaitOnFlagUntilTimeout
                0x0800a90e      0x18c ./Drivers/STM32F7xx_HAL_Driver/Src/stm32f7xx_hal_uart.o
                0x0800a90e                UART_WaitOnFlagUntilTimeout
 *fill*         0x0800aa9a        0x2 
 .text.FMC_NORSRAM_Init
                0x0800aa9c      0x120 ./Drivers/STM32F7xx_HAL_Driver/Src/stm32f7xx_ll_fmc.o
                0x0800aa9c                FMC_NORSRAM_Init
 .text.FMC_NORSRAM_Timing_Init
                0x0800abbc       0xa0 ./Drivers/STM32F7xx_HAL_Driver/Src/stm32f7xx_ll_fmc.o
                0x0800abbc                FMC_NORSRAM_Timing_Init
 .text.FMC_NORSRAM_Extended_Timing_Init
                0x0800ac5c       0x70 ./Drivers/STM32F7xx_HAL_Driver/Src/stm32f7xx_ll_fmc.o
                0x0800ac5c                FMC_NORSRAM_Extended_Timing_Init
 .text.SDMMC_Init
                0x0800accc       0x58 ./Drivers/STM32F7xx_HAL_Driver/Src/stm32f7xx_ll_sdmmc.o
                0x0800accc                SDMMC_Init
 .text.SDMMC_ReadFIFO
                0x0800ad24       0x1a ./Drivers/STM32F7xx_HAL_Driver/Src/stm32f7xx_ll_sdmmc.o
                0x0800ad24                SDMMC_ReadFIFO
 .text.SDMMC_WriteFIFO
                0x0800ad3e       0x22 ./Drivers/STM32F7xx_HAL_Driver/Src/stm32f7xx_ll_sdmmc.o
                0x0800ad3e                SDMMC_WriteFIFO
 .text.SDMMC_PowerState_ON
                0x0800ad60       0x1c ./Drivers/STM32F7xx_HAL_Driver/Src/stm32f7xx_ll_sdmmc.o
                0x0800ad60                SDMMC_PowerState_ON
 .text.SDMMC_GetPowerState
                0x0800ad7c       0x1c ./Drivers/STM32F7xx_HAL_Driver/Src/stm32f7xx_ll_sdmmc.o
                0x0800ad7c                SDMMC_GetPowerState
 .text.SDMMC_SendCommand
                0x0800ad98       0x54 ./Drivers/STM32F7xx_HAL_Driver/Src/stm32f7xx_ll_sdmmc.o
                0x0800ad98                SDMMC_SendCommand
 .text.SDMMC_GetCommandResponse
                0x0800adec       0x1a ./Drivers/STM32F7xx_HAL_Driver/Src/stm32f7xx_ll_sdmmc.o
                0x0800adec                SDMMC_GetCommandResponse
 .text.SDMMC_GetResponse
                0x0800ae06       0x26 ./Drivers/STM32F7xx_HAL_Driver/Src/stm32f7xx_ll_sdmmc.o
                0x0800ae06                SDMMC_GetResponse
 .text.SDMMC_ConfigData
                0x0800ae2c       0x58 ./Drivers/STM32F7xx_HAL_Driver/Src/stm32f7xx_ll_sdmmc.o
                0x0800ae2c                SDMMC_ConfigData
 .text.SDMMC_CmdBlockLength
                0x0800ae84       0x44 ./Drivers/STM32F7xx_HAL_Driver/Src/stm32f7xx_ll_sdmmc.o
                0x0800ae84                SDMMC_CmdBlockLength
 .text.SDMMC_CmdReadSingleBlock
                0x0800aec8       0x44 ./Drivers/STM32F7xx_HAL_Driver/Src/stm32f7xx_ll_sdmmc.o
                0x0800aec8                SDMMC_CmdReadSingleBlock
 .text.SDMMC_CmdReadMultiBlock
                0x0800af0c       0x44 ./Drivers/STM32F7xx_HAL_Driver/Src/stm32f7xx_ll_sdmmc.o
                0x0800af0c                SDMMC_CmdReadMultiBlock
 .text.SDMMC_CmdWriteSingleBlock
                0x0800af50       0x44 ./Drivers/STM32F7xx_HAL_Driver/Src/stm32f7xx_ll_sdmmc.o
                0x0800af50                SDMMC_CmdWriteSingleBlock
 .text.SDMMC_CmdWriteMultiBlock
                0x0800af94       0x44 ./Drivers/STM32F7xx_HAL_Driver/Src/stm32f7xx_ll_sdmmc.o
                0x0800af94                SDMMC_CmdWriteMultiBlock
 .text.SDMMC_CmdStopTransfer
                0x0800afd8       0x44 ./Drivers/STM32F7xx_HAL_Driver/Src/stm32f7xx_ll_sdmmc.o
                0x0800afd8                SDMMC_CmdStopTransfer
 .text.SDMMC_CmdSelDesel
                0x0800b01c       0x46 ./Drivers/STM32F7xx_HAL_Driver/Src/stm32f7xx_ll_sdmmc.o
                0x0800b01c                SDMMC_CmdSelDesel
 .text.SDMMC_CmdGoIdleState
                0x0800b062       0x3c ./Drivers/STM32F7xx_HAL_Driver/Src/stm32f7xx_ll_sdmmc.o
                0x0800b062                SDMMC_CmdGoIdleState
 .text.SDMMC_CmdOperCond
                0x0800b09e       0x3e ./Drivers/STM32F7xx_HAL_Driver/Src/stm32f7xx_ll_sdmmc.o
                0x0800b09e                SDMMC_CmdOperCond
 .text.SDMMC_CmdAppCommand
                0x0800b0dc       0x44 ./Drivers/STM32F7xx_HAL_Driver/Src/stm32f7xx_ll_sdmmc.o
                0x0800b0dc                SDMMC_CmdAppCommand
 .text.SDMMC_CmdAppOperCommand
                0x0800b120       0x48 ./Drivers/STM32F7xx_HAL_Driver/Src/stm32f7xx_ll_sdmmc.o
                0x0800b120                SDMMC_CmdAppOperCommand
 .text.SDMMC_CmdSendCID
                0x0800b168       0x3c ./Drivers/STM32F7xx_HAL_Driver/Src/stm32f7xx_ll_sdmmc.o
                0x0800b168                SDMMC_CmdSendCID
 .text.SDMMC_CmdSendCSD
                0x0800b1a4       0x3e ./Drivers/STM32F7xx_HAL_Driver/Src/stm32f7xx_ll_sdmmc.o
                0x0800b1a4                SDMMC_CmdSendCSD
 .text.SDMMC_CmdSetRelAdd
                0x0800b1e2       0x42 ./Drivers/STM32F7xx_HAL_Driver/Src/stm32f7xx_ll_sdmmc.o
                0x0800b1e2                SDMMC_CmdSetRelAdd
 .text.SDMMC_CmdSendStatus
                0x0800b224       0x44 ./Drivers/STM32F7xx_HAL_Driver/Src/stm32f7xx_ll_sdmmc.o
                0x0800b224                SDMMC_CmdSendStatus
 .text.SDMMC_GetCmdResp1
                0x0800b268      0x1dc ./Drivers/STM32F7xx_HAL_Driver/Src/stm32f7xx_ll_sdmmc.o
                0x0800b268                SDMMC_GetCmdResp1
 .text.SDMMC_GetCmdResp2
                0x0800b444       0x90 ./Drivers/STM32F7xx_HAL_Driver/Src/stm32f7xx_ll_sdmmc.o
                0x0800b444                SDMMC_GetCmdResp2
 .text.SDMMC_GetCmdResp3
                0x0800b4d4       0x7c ./Drivers/STM32F7xx_HAL_Driver/Src/stm32f7xx_ll_sdmmc.o
                0x0800b4d4                SDMMC_GetCmdResp3
 .text.SDMMC_GetCmdResp6
                0x0800b550       0xec ./Drivers/STM32F7xx_HAL_Driver/Src/stm32f7xx_ll_sdmmc.o
                0x0800b550                SDMMC_GetCmdResp6
 .text.SDMMC_GetCmdResp7
                0x0800b63c       0x9c ./Drivers/STM32F7xx_HAL_Driver/Src/stm32f7xx_ll_sdmmc.o
                0x0800b63c                SDMMC_GetCmdResp7
 .text.SDMMC_GetCmdError
                0x0800b6d8       0x58 ./Drivers/STM32F7xx_HAL_Driver/Src/stm32f7xx_ll_sdmmc.o
 .text.MX_FATFS_Init
                0x0800b730       0x24 ./FATFS/App/fatfs.o
                0x0800b730                MX_FATFS_Init
 .text.get_fattime
                0x0800b754       0x10 ./FATFS/App/fatfs.o
                0x0800b754                get_fattime
 .text.BSP_SD_Init
                0x0800b764       0x30 ./FATFS/Target/bsp_driver_sd.o
                0x0800b764                BSP_SD_Init
 .text.BSP_SD_ReadBlocks_DMA
                0x0800b794       0x34 ./FATFS/Target/bsp_driver_sd.o
                0x0800b794                BSP_SD_ReadBlocks_DMA
 .text.BSP_SD_WriteBlocks_DMA
                0x0800b7c8       0x34 ./FATFS/Target/bsp_driver_sd.o
                0x0800b7c8                BSP_SD_WriteBlocks_DMA
 .text.BSP_SD_GetCardState
                0x0800b7fc       0x20 ./FATFS/Target/bsp_driver_sd.o
                0x0800b7fc                BSP_SD_GetCardState
 .text.BSP_SD_GetCardInfo
                0x0800b81c       0x1c ./FATFS/Target/bsp_driver_sd.o
                0x0800b81c                BSP_SD_GetCardInfo
 .text.HAL_SD_AbortCallback
                0x0800b838       0x14 ./FATFS/Target/bsp_driver_sd.o
                0x0800b838                HAL_SD_AbortCallback
 .text.HAL_SD_TxCpltCallback
                0x0800b84c       0x14 ./FATFS/Target/bsp_driver_sd.o
                0x0800b84c                HAL_SD_TxCpltCallback
 .text.HAL_SD_RxCpltCallback
                0x0800b860       0x14 ./FATFS/Target/bsp_driver_sd.o
                0x0800b860                HAL_SD_RxCpltCallback
 .text.BSP_SD_AbortCallback
                0x0800b874        0xe ./FATFS/Target/bsp_driver_sd.o
                0x0800b874                BSP_SD_AbortCallback
 .text.BSP_SD_IsDetected
                0x0800b882       0x1a ./FATFS/Target/bsp_driver_sd.o
                0x0800b882                BSP_SD_IsDetected
 .text.SD_CheckStatusWithTimeout
                0x0800b89c       0x3a ./FATFS/Target/sd_diskio.o
 *fill*         0x0800b8d6        0x2 
 .text.SD_CheckStatus
                0x0800b8d8       0x3c ./FATFS/Target/sd_diskio.o
 .text.SD_initialize
                0x0800b914       0x38 ./FATFS/Target/sd_diskio.o
                0x0800b914                SD_initialize
 .text.SD_status
                0x0800b94c       0x1c ./FATFS/Target/sd_diskio.o
                0x0800b94c                SD_status
 .text.SD_read  0x0800b968       0xac ./FATFS/Target/sd_diskio.o
                0x0800b968                SD_read
 .text.SD_write
                0x0800ba14       0xac ./FATFS/Target/sd_diskio.o
                0x0800ba14                SD_write
 .text.SD_ioctl
                0x0800bac0       0xb0 ./FATFS/Target/sd_diskio.o
                0x0800bac0                SD_ioctl
 .text.BSP_SD_WriteCpltCallback
                0x0800bb70       0x18 ./FATFS/Target/sd_diskio.o
                0x0800bb70                BSP_SD_WriteCpltCallback
 .text.BSP_SD_ReadCpltCallback
                0x0800bb88       0x18 ./FATFS/Target/sd_diskio.o
                0x0800bb88                BSP_SD_ReadCpltCallback
 .text.disk_status
                0x0800bba0       0x34 ./Middlewares/Third_Party/FatFs/src/diskio.o
                0x0800bba0                disk_status
 .text.disk_initialize
                0x0800bbd4       0x4c ./Middlewares/Third_Party/FatFs/src/diskio.o
                0x0800bbd4                disk_initialize
 .text.disk_read
                0x0800bc20       0x40 ./Middlewares/Third_Party/FatFs/src/diskio.o
                0x0800bc20                disk_read
 .text.disk_write
                0x0800bc60       0x40 ./Middlewares/Third_Party/FatFs/src/diskio.o
                0x0800bc60                disk_write
 .text.disk_ioctl
                0x0800bca0       0x3c ./Middlewares/Third_Party/FatFs/src/diskio.o
                0x0800bca0                disk_ioctl
 .text.ld_word  0x0800bcdc       0x30 ./Middlewares/Third_Party/FatFs/src/ff.o
 .text.ld_dword
                0x0800bd0c       0x46 ./Middlewares/Third_Party/FatFs/src/ff.o
 .text.st_word  0x0800bd52       0x36 ./Middlewares/Third_Party/FatFs/src/ff.o
 .text.st_dword
                0x0800bd88       0x58 ./Middlewares/Third_Party/FatFs/src/ff.o
 .text.mem_cpy  0x0800bde0       0x42 ./Middlewares/Third_Party/FatFs/src/ff.o
 .text.mem_set  0x0800be22       0x36 ./Middlewares/Third_Party/FatFs/src/ff.o
 .text.mem_cmp  0x0800be58       0x4e ./Middlewares/Third_Party/FatFs/src/ff.o
 .text.chk_chr  0x0800bea6       0x36 ./Middlewares/Third_Party/FatFs/src/ff.o
 .text.chk_lock
                0x0800bedc       0xb8 ./Middlewares/Third_Party/FatFs/src/ff.o
 .text.enq_lock
                0x0800bf94       0x44 ./Middlewares/Third_Party/FatFs/src/ff.o
 .text.inc_lock
                0x0800bfd8      0x11c ./Middlewares/Third_Party/FatFs/src/ff.o
 .text.dec_lock
                0x0800c0f4       0x78 ./Middlewares/Third_Party/FatFs/src/ff.o
 .text.clear_lock
                0x0800c16c       0x48 ./Middlewares/Third_Party/FatFs/src/ff.o
 .text.sync_window
                0x0800c1b4       0x88 ./Middlewares/Third_Party/FatFs/src/ff.o
 .text.move_window
                0x0800c23c       0x5a ./Middlewares/Third_Party/FatFs/src/ff.o
 *fill*         0x0800c296        0x2 
 .text.sync_fs  0x0800c298       0xe0 ./Middlewares/Third_Party/FatFs/src/ff.o
 .text.clust2sect
                0x0800c378       0x3e ./Middlewares/Third_Party/FatFs/src/ff.o
 .text.get_fat  0x0800c3b6      0x1a6 ./Middlewares/Third_Party/FatFs/src/ff.o
 .text.put_fat  0x0800c55c      0x234 ./Middlewares/Third_Party/FatFs/src/ff.o
 .text.remove_chain
                0x0800c790       0xca ./Middlewares/Third_Party/FatFs/src/ff.o
 .text.create_chain
                0x0800c85a      0x130 ./Middlewares/Third_Party/FatFs/src/ff.o
 .text.clmt_clust
                0x0800c98a       0x70 ./Middlewares/Third_Party/FatFs/src/ff.o
 .text.dir_sdi  0x0800c9fa      0x112 ./Middlewares/Third_Party/FatFs/src/ff.o
 .text.dir_next
                0x0800cb0c      0x1ac ./Middlewares/Third_Party/FatFs/src/ff.o
 .text.dir_alloc
                0x0800ccb8       0x8e ./Middlewares/Third_Party/FatFs/src/ff.o
 .text.ld_clust
                0x0800cd46       0x3e ./Middlewares/Third_Party/FatFs/src/ff.o
 .text.st_clust
                0x0800cd84       0x40 ./Middlewares/Third_Party/FatFs/src/ff.o
 .text.dir_find
                0x0800cdc4       0xaa ./Middlewares/Third_Party/FatFs/src/ff.o
 .text.dir_register
                0x0800ce6e       0x64 ./Middlewares/Third_Party/FatFs/src/ff.o
 *fill*         0x0800ced2        0x2 
 .text.create_name
                0x0800ced4      0x128 ./Middlewares/Third_Party/FatFs/src/ff.o
 .text.follow_path
                0x0800cffc       0xec ./Middlewares/Third_Party/FatFs/src/ff.o
 .text.get_ldnumber
                0x0800d0e8       0x88 ./Middlewares/Third_Party/FatFs/src/ff.o
 .text.check_fs
                0x0800d170       0xac ./Middlewares/Third_Party/FatFs/src/ff.o
 .text.find_volume
                0x0800d21c      0x500 ./Middlewares/Third_Party/FatFs/src/ff.o
 .text.validate
                0x0800d71c       0x6a ./Middlewares/Third_Party/FatFs/src/ff.o
 *fill*         0x0800d786        0x2 
 .text.f_mount  0x0800d788       0x8c ./Middlewares/Third_Party/FatFs/src/ff.o
                0x0800d788                f_mount
 .text.f_open   0x0800d814      0x390 ./Middlewares/Third_Party/FatFs/src/ff.o
                0x0800d814                f_open
 .text.f_write  0x0800dba4      0x328 ./Middlewares/Third_Party/FatFs/src/ff.o
                0x0800dba4                f_write
 .text.f_sync   0x0800decc       0xfc ./Middlewares/Third_Party/FatFs/src/ff.o
                0x0800decc                f_sync
 .text.f_close  0x0800dfc8       0x54 ./Middlewares/Third_Party/FatFs/src/ff.o
                0x0800dfc8                f_close
 .text.FATFS_LinkDriverEx
                0x0800e01c       0x98 ./Middlewares/Third_Party/FatFs/src/ff_gen_drv.o
                0x0800e01c                FATFS_LinkDriverEx
 .text.FATFS_LinkDriver
                0x0800e0b4       0x1e ./Middlewares/Third_Party/FatFs/src/ff_gen_drv.o
                0x0800e0b4                FATFS_LinkDriver
 *fill*         0x0800e0d2        0x2 
 .text.sprintf  0x0800e0d4       0x40 C:/ST/STM32CubeIDE_1.13.2/STM32CubeIDE/plugins/com.st.stm32cube.ide.mcu.externaltools.gnu-tools-for-stm32.12.3.rel1.win32_1.0.100.202403111256/tools/bin/../lib/gcc/arm-none-eabi/12.3.1/../../../../arm-none-eabi/lib/thumb/v7e-m+fp/hard\libc_nano.a(libc_a-sprintf.o)
                0x0800e0d4                siprintf
                0x0800e0d4                sprintf
 .text.memset   0x0800e114       0x10 C:/ST/STM32CubeIDE_1.13.2/STM32CubeIDE/plugins/com.st.stm32cube.ide.mcu.externaltools.gnu-tools-for-stm32.12.3.rel1.win32_1.0.100.202403111256/tools/bin/../lib/gcc/arm-none-eabi/12.3.1/../../../../arm-none-eabi/lib/thumb/v7e-m+fp/hard\libc_nano.a(libc_a-memset.o)
                0x0800e114                memset
 .text.__errno  0x0800e124        0xc C:/ST/STM32CubeIDE_1.13.2/STM32CubeIDE/plugins/com.st.stm32cube.ide.mcu.externaltools.gnu-tools-for-stm32.12.3.rel1.win32_1.0.100.202403111256/tools/bin/../lib/gcc/arm-none-eabi/12.3.1/../../../../arm-none-eabi/lib/thumb/v7e-m+fp/hard\libc_nano.a(libc_a-errno.o)
                0x0800e124                __errno
 .text.__libc_init_array
                0x0800e130       0x48 C:/ST/STM32CubeIDE_1.13.2/STM32CubeIDE/plugins/com.st.stm32cube.ide.mcu.externaltools.gnu-tools-for-stm32.12.3.rel1.win32_1.0.100.202403111256/tools/bin/../lib/gcc/arm-none-eabi/12.3.1/../../../../arm-none-eabi/lib/thumb/v7e-m+fp/hard\libc_nano.a(libc_a-init.o)
                0x0800e130                __libc_init_array
 .text.__retarget_lock_acquire_recursive
                0x0800e178        0x2 C:/ST/STM32CubeIDE_1.13.2/STM32CubeIDE/plugins/com.st.stm32cube.ide.mcu.externaltools.gnu-tools-for-stm32.12.3.rel1.win32_1.0.100.202403111256/tools/bin/../lib/gcc/arm-none-eabi/12.3.1/../../../../arm-none-eabi/lib/thumb/v7e-m+fp/hard\libc_nano.a(libc_a-lock.o)
                0x0800e178                __retarget_lock_acquire_recursive
 .text.__retarget_lock_release_recursive
                0x0800e17a        0x2 C:/ST/STM32CubeIDE_1.13.2/STM32CubeIDE/plugins/com.st.stm32cube.ide.mcu.externaltools.gnu-tools-for-stm32.12.3.rel1.win32_1.0.100.202403111256/tools/bin/../lib/gcc/arm-none-eabi/12.3.1/../../../../arm-none-eabi/lib/thumb/v7e-m+fp/hard\libc_nano.a(libc_a-lock.o)
                0x0800e17a                __retarget_lock_release_recursive
 .text._free_r  0x0800e17c       0x94 C:/ST/STM32CubeIDE_1.13.2/STM32CubeIDE/plugins/com.st.stm32cube.ide.mcu.externaltools.gnu-tools-for-stm32.12.3.rel1.win32_1.0.100.202403111256/tools/bin/../lib/gcc/arm-none-eabi/12.3.1/../../../../arm-none-eabi/lib/thumb/v7e-m+fp/hard\libc_nano.a(libc_a-freer.o)
                0x0800e17c                _free_r
 .text.sbrk_aligned
                0x0800e210       0x44 C:/ST/STM32CubeIDE_1.13.2/STM32CubeIDE/plugins/com.st.stm32cube.ide.mcu.externaltools.gnu-tools-for-stm32.12.3.rel1.win32_1.0.100.202403111256/tools/bin/../lib/gcc/arm-none-eabi/12.3.1/../../../../arm-none-eabi/lib/thumb/v7e-m+fp/hard\libc_nano.a(libc_a-mallocr.o)
 .text._malloc_r
                0x0800e254      0x100 C:/ST/STM32CubeIDE_1.13.2/STM32CubeIDE/plugins/com.st.stm32cube.ide.mcu.externaltools.gnu-tools-for-stm32.12.3.rel1.win32_1.0.100.202403111256/tools/bin/../lib/gcc/arm-none-eabi/12.3.1/../../../../arm-none-eabi/lib/thumb/v7e-m+fp/hard\libc_nano.a(libc_a-mallocr.o)
                0x0800e254                _malloc_r
 .text.__malloc_lock
                0x0800e354        0xc C:/ST/STM32CubeIDE_1.13.2/STM32CubeIDE/plugins/com.st.stm32cube.ide.mcu.externaltools.gnu-tools-for-stm32.12.3.rel1.win32_1.0.100.202403111256/tools/bin/../lib/gcc/arm-none-eabi/12.3.1/../../../../arm-none-eabi/lib/thumb/v7e-m+fp/hard\libc_nano.a(libc_a-mlock.o)
                0x0800e354                __malloc_lock
 .text.__malloc_unlock
                0x0800e360        0xc C:/ST/STM32CubeIDE_1.13.2/STM32CubeIDE/plugins/com.st.stm32cube.ide.mcu.externaltools.gnu-tools-for-stm32.12.3.rel1.win32_1.0.100.202403111256/tools/bin/../lib/gcc/arm-none-eabi/12.3.1/../../../../arm-none-eabi/lib/thumb/v7e-m+fp/hard\libc_nano.a(libc_a-mlock.o)
                0x0800e360                __malloc_unlock
 .text.__ssputs_r
                0x0800e36c       0xb6 C:/ST/STM32CubeIDE_1.13.2/STM32CubeIDE/plugins/com.st.stm32cube.ide.mcu.externaltools.gnu-tools-for-stm32.12.3.rel1.win32_1.0.100.202403111256/tools/bin/../lib/gcc/arm-none-eabi/12.3.1/../../../../arm-none-eabi/lib/thumb/v7e-m+fp/hard\libc_nano.a(libc_a-nano-svfprintf.o)
                0x0800e36c                __ssputs_r
 *fill*         0x0800e422        0x2 
 .text._svfprintf_r
                0x0800e424      0x1f8 C:/ST/STM32CubeIDE_1.13.2/STM32CubeIDE/plugins/com.st.stm32cube.ide.mcu.externaltools.gnu-tools-for-stm32.12.3.rel1.win32_1.0.100.202403111256/tools/bin/../lib/gcc/arm-none-eabi/12.3.1/../../../../arm-none-eabi/lib/thumb/v7e-m+fp/hard\libc_nano.a(libc_a-nano-svfprintf.o)
                0x0800e424                _svfiprintf_r
                0x0800e424                _svfprintf_r
 .text._printf_common
                0x0800e61c       0xda C:/ST/STM32CubeIDE_1.13.2/STM32CubeIDE/plugins/com.st.stm32cube.ide.mcu.externaltools.gnu-tools-for-stm32.12.3.rel1.win32_1.0.100.202403111256/tools/bin/../lib/gcc/arm-none-eabi/12.3.1/../../../../arm-none-eabi/lib/thumb/v7e-m+fp/hard\libc_nano.a(libc_a-nano-vfprintf_i.o)
                0x0800e61c                _printf_common
 *fill*         0x0800e6f6        0x2 
 .text._printf_i
                0x0800e6f8      0x240 C:/ST/STM32CubeIDE_1.13.2/STM32CubeIDE/plugins/com.st.stm32cube.ide.mcu.externaltools.gnu-tools-for-stm32.12.3.rel1.win32_1.0.100.202403111256/tools/bin/../lib/gcc/arm-none-eabi/12.3.1/../../../../arm-none-eabi/lib/thumb/v7e-m+fp/hard\libc_nano.a(libc_a-nano-vfprintf_i.o)
                0x0800e6f8                _printf_i
 .text.memmove  0x0800e938       0x34 C:/ST/STM32CubeIDE_1.13.2/STM32CubeIDE/plugins/com.st.stm32cube.ide.mcu.externaltools.gnu-tools-for-stm32.12.3.rel1.win32_1.0.100.202403111256/tools/bin/../lib/gcc/arm-none-eabi/12.3.1/../../../../arm-none-eabi/lib/thumb/v7e-m+fp/hard\libc_nano.a(libc_a-memmove.o)
                0x0800e938                memmove
 .text._sbrk_r  0x0800e96c       0x20 C:/ST/STM32CubeIDE_1.13.2/STM32CubeIDE/plugins/com.st.stm32cube.ide.mcu.externaltools.gnu-tools-for-stm32.12.3.rel1.win32_1.0.100.202403111256/tools/bin/../lib/gcc/arm-none-eabi/12.3.1/../../../../arm-none-eabi/lib/thumb/v7e-m+fp/hard\libc_nano.a(libc_a-sbrkr.o)
                0x0800e96c                _sbrk_r
 .text.memcpy   0x0800e98c       0x1c C:/ST/STM32CubeIDE_1.13.2/STM32CubeIDE/plugins/com.st.stm32cube.ide.mcu.externaltools.gnu-tools-for-stm32.12.3.rel1.win32_1.0.100.202403111256/tools/bin/../lib/gcc/arm-none-eabi/12.3.1/../../../../arm-none-eabi/lib/thumb/v7e-m+fp/hard\libc_nano.a(libc_a-memcpy-stub.o)
                0x0800e98c                memcpy
 .text._realloc_r
                0x0800e9a8       0x5c C:/ST/STM32CubeIDE_1.13.2/STM32CubeIDE/plugins/com.st.stm32cube.ide.mcu.externaltools.gnu-tools-for-stm32.12.3.rel1.win32_1.0.100.202403111256/tools/bin/../lib/gcc/arm-none-eabi/12.3.1/../../../../arm-none-eabi/lib/thumb/v7e-m+fp/hard\libc_nano.a(libc_a-reallocr.o)
                0x0800e9a8                _realloc_r
 .text._malloc_usable_size_r
                0x0800ea04       0x10 C:/ST/STM32CubeIDE_1.13.2/STM32CubeIDE/plugins/com.st.stm32cube.ide.mcu.externaltools.gnu-tools-for-stm32.12.3.rel1.win32_1.0.100.202403111256/tools/bin/../lib/gcc/arm-none-eabi/12.3.1/../../../../arm-none-eabi/lib/thumb/v7e-m+fp/hard\libc_nano.a(libc_a-msizer.o)
                0x0800ea04                _malloc_usable_size_r
 *(.glue_7)
 .glue_7        0x0800ea14        0x0 linker stubs
 *(.glue_7t)
 .glue_7t       0x0800ea14        0x0 linker stubs
 *(.eh_frame)
 .eh_frame      0x0800ea14        0x0 C:/ST/STM32CubeIDE_1.13.2/STM32CubeIDE/plugins/com.st.stm32cube.ide.mcu.externaltools.gnu-tools-for-stm32.12.3.rel1.win32_1.0.100.202403111256/tools/bin/../lib/gcc/arm-none-eabi/12.3.1/thumb/v7e-m+fp/hard/crtbegin.o
 *(.init)
 .init          0x0800ea14        0x4 C:/ST/STM32CubeIDE_1.13.2/STM32CubeIDE/plugins/com.st.stm32cube.ide.mcu.externaltools.gnu-tools-for-stm32.12.3.rel1.win32_1.0.100.202403111256/tools/bin/../lib/gcc/arm-none-eabi/12.3.1/thumb/v7e-m+fp/hard/crti.o
                0x0800ea14                _init
 .init          0x0800ea18        0x8 C:/ST/STM32CubeIDE_1.13.2/STM32CubeIDE/plugins/com.st.stm32cube.ide.mcu.externaltools.gnu-tools-for-stm32.12.3.rel1.win32_1.0.100.202403111256/tools/bin/../lib/gcc/arm-none-eabi/12.3.1/thumb/v7e-m+fp/hard/crtn.o
 *(.fini)
 .fini          0x0800ea20        0x4 C:/ST/STM32CubeIDE_1.13.2/STM32CubeIDE/plugins/com.st.stm32cube.ide.mcu.externaltools.gnu-tools-for-stm32.12.3.rel1.win32_1.0.100.202403111256/tools/bin/../lib/gcc/arm-none-eabi/12.3.1/thumb/v7e-m+fp/hard/crti.o
                0x0800ea20                _fini
 .fini          0x0800ea24        0x8 C:/ST/STM32CubeIDE_1.13.2/STM32CubeIDE/plugins/com.st.stm32cube.ide.mcu.externaltools.gnu-tools-for-stm32.12.3.rel1.win32_1.0.100.202403111256/tools/bin/../lib/gcc/arm-none-eabi/12.3.1/thumb/v7e-m+fp/hard/crtn.o
                0x0800ea2c                        . = ALIGN (0x4)
                0x0800ea2c                        _etext = .

.vfp11_veneer   0x0800ea2c        0x0
 .vfp11_veneer  0x0800ea2c        0x0 linker stubs

.v4_bx          0x0800ea2c        0x0
 .v4_bx         0x0800ea2c        0x0 linker stubs

.iplt           0x0800ea2c        0x0
 .iplt          0x0800ea2c        0x0 C:/ST/STM32CubeIDE_1.13.2/STM32CubeIDE/plugins/com.st.stm32cube.ide.mcu.externaltools.gnu-tools-for-stm32.12.3.rel1.win32_1.0.100.202403111256/tools/bin/../lib/gcc/arm-none-eabi/12.3.1/thumb/v7e-m+fp/hard/crtbegin.o

.rodata         0x0800ea2c     0xf780
                0x0800ea2c                        . = ALIGN (0x4)
 *(.rodata)
 .rodata        0x0800ea2c       0x18 ./Core/Src/can_manager.o
 .rodata        0x0800ea44      0x17d ./Core/Src/frucd_display.o
 *fill*         0x0800ebc1        0x3 
 .rodata        0x0800ebc4       0x8a ./Core/Src/main.o
 *fill*         0x0800ec4e        0x2 
 .rodata        0x0800ec50       0x44 ./Middlewares/Third_Party/FatFs/src/ff.o
 *(.rodata*)
 .rodata.THROTTLE_MAP
                0x0800ec94        0x8 ./Core/Src/sensors.o
                0x0800ec94                THROTTLE_MAP
 .rodata.AHBPrescTable
                0x0800ec9c       0x10 ./Core/Src/system_stm32f7xx.o
                0x0800ec9c                AHBPrescTable
 .rodata.APBPrescTable
                0x0800ecac        0x8 ./Core/Src/system_stm32f7xx.o
                0x0800ecac                APBPrescTable
 .rodata.font_12x16
                0x0800ecb4     0x2000 ./Core/Src/ugui.o
                0x0800ecb4                font_12x16
 .rodata.font_32x53
                0x08010cb4     0xd400 ./Core/Src/ugui.o
                0x08010cb4                font_32x53
 .rodata.FONT_12X16
                0x0801e0b4       0x14 ./Core/Src/ugui.o
                0x0801e0b4                FONT_12X16
 .rodata.FONT_32X53
                0x0801e0c8       0x14 ./Core/Src/ugui.o
                0x0801e0c8                FONT_32X53
 .rodata.flagBitshiftOffset.0
                0x0801e0dc        0x8 ./Drivers/STM32F7xx_HAL_Driver/Src/stm32f7xx_hal_dma.o
 .rodata.SD_Driver
                0x0801e0e4       0x14 ./FATFS/Target/sd_diskio.o
                0x0801e0e4                SD_Driver
 .rodata.ExCvt  0x0801e0f8       0x80 ./Middlewares/Third_Party/FatFs/src/ff.o
 .rodata._svfprintf_r.str1.1
                0x0801e178       0x11 C:/ST/STM32CubeIDE_1.13.2/STM32CubeIDE/plugins/com.st.stm32cube.ide.mcu.externaltools.gnu-tools-for-stm32.12.3.rel1.win32_1.0.100.202403111256/tools/bin/../lib/gcc/arm-none-eabi/12.3.1/../../../../arm-none-eabi/lib/thumb/v7e-m+fp/hard\libc_nano.a(libc_a-nano-svfprintf.o)
 .rodata._printf_i.str1.1
                0x0801e189       0x22 C:/ST/STM32CubeIDE_1.13.2/STM32CubeIDE/plugins/com.st.stm32cube.ide.mcu.externaltools.gnu-tools-for-stm32.12.3.rel1.win32_1.0.100.202403111256/tools/bin/../lib/gcc/arm-none-eabi/12.3.1/../../../../arm-none-eabi/lib/thumb/v7e-m+fp/hard\libc_nano.a(libc_a-nano-vfprintf_i.o)
                0x0801e1ac                        . = ALIGN (0x4)
 *fill*         0x0801e1ab        0x1 

.ARM.extab      0x0801e1ac        0x0
                0x0801e1ac                        . = ALIGN (0x4)
 *(.ARM.extab* .gnu.linkonce.armextab.*)
                0x0801e1ac                        . = ALIGN (0x4)

.ARM            0x0801e1ac        0x8
                0x0801e1ac                        . = ALIGN (0x4)
                0x0801e1ac                        __exidx_start = .
 *(.ARM.exidx*)
 .ARM.exidx     0x0801e1ac        0x8 C:/ST/STM32CubeIDE_1.13.2/STM32CubeIDE/plugins/com.st.stm32cube.ide.mcu.externaltools.gnu-tools-for-stm32.12.3.rel1.win32_1.0.100.202403111256/tools/bin/../lib/gcc/arm-none-eabi/12.3.1/../../../../arm-none-eabi/lib/thumb/v7e-m+fp/hard\libc_nano.a(libc_a-strlen.o)
 .ARM.exidx     0x0801e1b4        0x0 C:/ST/STM32CubeIDE_1.13.2/STM32CubeIDE/plugins/com.st.stm32cube.ide.mcu.externaltools.gnu-tools-for-stm32.12.3.rel1.win32_1.0.100.202403111256/tools/bin/../lib/gcc/arm-none-eabi/12.3.1/../../../../arm-none-eabi/lib/thumb/v7e-m+fp/hard\libc_nano.a(libc_a-memchr.o)
                                  0x8 (size before relaxing)
 .ARM.exidx     0x0801e1b4        0x0 C:/ST/STM32CubeIDE_1.13.2/STM32CubeIDE/plugins/com.st.stm32cube.ide.mcu.externaltools.gnu-tools-for-stm32.12.3.rel1.win32_1.0.100.202403111256/tools/bin/../lib/gcc/arm-none-eabi/12.3.1/thumb/v7e-m+fp/hard\libgcc.a(_udivmoddi4.o)
                                  0x8 (size before relaxing)
                0x0801e1b4                        __exidx_end = .
                0x0801e1b4                        . = ALIGN (0x4)

.rel.dyn        0x0801e1b4        0x0
 .rel.iplt      0x0801e1b4        0x0 C:/ST/STM32CubeIDE_1.13.2/STM32CubeIDE/plugins/com.st.stm32cube.ide.mcu.externaltools.gnu-tools-for-stm32.12.3.rel1.win32_1.0.100.202403111256/tools/bin/../lib/gcc/arm-none-eabi/12.3.1/thumb/v7e-m+fp/hard/crtbegin.o

.preinit_array  0x0801e1b4        0x0
                0x0801e1b4                        . = ALIGN (0x4)
                0x0801e1b4                        PROVIDE (__preinit_array_start = .)
 *(.preinit_array*)
                0x0801e1b4                        PROVIDE (__preinit_array_end = .)
                0x0801e1b4                        . = ALIGN (0x4)

.init_array     0x0801e1b4        0x4
                0x0801e1b4                        . = ALIGN (0x4)
                0x0801e1b4                        PROVIDE (__init_array_start = .)
 *(SORT_BY_NAME(.init_array.*))
 *(.init_array*)
 .init_array    0x0801e1b4        0x4 C:/ST/STM32CubeIDE_1.13.2/STM32CubeIDE/plugins/com.st.stm32cube.ide.mcu.externaltools.gnu-tools-for-stm32.12.3.rel1.win32_1.0.100.202403111256/tools/bin/../lib/gcc/arm-none-eabi/12.3.1/thumb/v7e-m+fp/hard/crtbegin.o
                0x0801e1b8                        PROVIDE (__init_array_end = .)
                0x0801e1b8                        . = ALIGN (0x4)

.fini_array     0x0801e1b8        0x4
                0x0801e1b8                        . = ALIGN (0x4)
                [!provide]                        PROVIDE (__fini_array_start = .)
 *(SORT_BY_NAME(.fini_array.*))
 *(.fini_array*)
 .fini_array    0x0801e1b8        0x4 C:/ST/STM32CubeIDE_1.13.2/STM32CubeIDE/plugins/com.st.stm32cube.ide.mcu.externaltools.gnu-tools-for-stm32.12.3.rel1.win32_1.0.100.202403111256/tools/bin/../lib/gcc/arm-none-eabi/12.3.1/thumb/v7e-m+fp/hard/crtbegin.o
                [!provide]                        PROVIDE (__fini_array_end = .)
                0x0801e1bc                        . = ALIGN (0x4)
                0x0801e1bc                        _sidata = LOADADDR (.data)

.data           0x20000000       0xf8 load address 0x0801e1bc
                0x20000000                        . = ALIGN (0x4)
                0x20000000                        _sdata = .
 *(.data)
 *(.data*)
 .data.shutdown_flags
                0x20000000        0x1 ./Core/Src/can_manager.o
                0x20000000                shutdown_flags
 *fill*         0x20000001        0x3 
 .data.wheel_updated
                0x20000004        0x2 ./Core/Src/can_manager.o
                0x20000004                wheel_updated
 *fill*         0x20000006        0x2 
 .data.soc_box  0x20000008       0x2c ./Core/Src/frucd_display.o
                0x20000008                soc_box
 .data.bms_temp_box
                0x20000034       0x2c ./Core/Src/frucd_display.o
                0x20000034                bms_temp_box
 .data.glv_v_box
                0x20000060       0x2c ./Core/Src/frucd_display.o
                0x20000060                glv_v_box
 .data.glv_v.2  0x2000008c        0x4 ./Core/Src/frucd_display.o
 .data.last_state.1
                0x20000090        0x1 ./Core/Src/frucd_display.o
 .data.state    0x20000091        0x1 ./Core/Src/fsm.o
                0x20000091                state
 *fill*         0x20000092        0x2 
 .data.torque_percentage
                0x20000094        0x4 ./Core/Src/sensors.o
                0x20000094                torque_percentage
 .data.THROTTLE_MULTIPLIER
                0x20000098        0x1 ./Core/Src/sensors.o
                0x20000098                THROTTLE_MULTIPLIER
 *fill*         0x20000099        0x3 
 .data.SystemCoreClock
                0x2000009c        0x4 ./Core/Src/system_stm32f7xx.o
                0x2000009c                SystemCoreClock
 .data.uwTickPrio
                0x200000a0        0x4 ./Drivers/STM32F7xx_HAL_Driver/Src/stm32f7xx_hal.o
                0x200000a0                uwTickPrio
 .data.uwTickFreq
                0x200000a4        0x1 ./Drivers/STM32F7xx_HAL_Driver/Src/stm32f7xx_hal.o
                0x200000a4                uwTickFreq
 .data.Stat     0x200000a5        0x1 ./FATFS/Target/sd_diskio.o
 *fill*         0x200000a6        0x2 
 .data._impure_ptr
                0x200000a8        0x4 C:/ST/STM32CubeIDE_1.13.2/STM32CubeIDE/plugins/com.st.stm32cube.ide.mcu.externaltools.gnu-tools-for-stm32.12.3.rel1.win32_1.0.100.202403111256/tools/bin/../lib/gcc/arm-none-eabi/12.3.1/../../../../arm-none-eabi/lib/thumb/v7e-m+fp/hard\libc_nano.a(libc_a-impure.o)
                0x200000a8                _impure_ptr
 .data._impure_data
                0x200000ac       0x4c C:/ST/STM32CubeIDE_1.13.2/STM32CubeIDE/plugins/com.st.stm32cube.ide.mcu.externaltools.gnu-tools-for-stm32.12.3.rel1.win32_1.0.100.202403111256/tools/bin/../lib/gcc/arm-none-eabi/12.3.1/../../../../arm-none-eabi/lib/thumb/v7e-m+fp/hard\libc_nano.a(libc_a-impure.o)
                0x200000ac                _impure_data
 *(.RamFunc)
 *(.RamFunc*)
                0x200000f8                        . = ALIGN (0x4)
                0x200000f8                        _edata = .

.igot.plt       0x200000f8        0x0 load address 0x0801e2b4
 .igot.plt      0x200000f8        0x0 C:/ST/STM32CubeIDE_1.13.2/STM32CubeIDE/plugins/com.st.stm32cube.ide.mcu.externaltools.gnu-tools-for-stm32.12.3.rel1.win32_1.0.100.202403111256/tools/bin/../lib/gcc/arm-none-eabi/12.3.1/thumb/v7e-m+fp/hard/crtbegin.o
                0x200000f8                        . = ALIGN (0x4)

.bss            0x200000f8     0x4934 load address 0x0801e2b4
                0x200000f8                        _sbss = .
                0x200000f8                        __bss_start__ = _sbss
 *(.bss)
 .bss           0x200000f8       0x1c C:/ST/STM32CubeIDE_1.13.2/STM32CubeIDE/plugins/com.st.stm32cube.ide.mcu.externaltools.gnu-tools-for-stm32.12.3.rel1.win32_1.0.100.202403111256/tools/bin/../lib/gcc/arm-none-eabi/12.3.1/thumb/v7e-m+fp/hard/crtbegin.o
 *(.bss*)
 .bss.mc_lockout
                0x20000114        0x1 ./Core/Src/can_manager.o
                0x20000114                mc_lockout
 .bss.mc_enabled
                0x20000115        0x1 ./Core/Src/can_manager.o
                0x20000115                mc_enabled
 .bss.capacitor_volt
                0x20000116        0x2 ./Core/Src/can_manager.o
                0x20000116                capacitor_volt
 .bss.estop_flags
                0x20000118        0x1 ./Core/Src/can_manager.o
                0x20000118                estop_flags
 .bss.PACK_TEMP
                0x20000119        0x1 ./Core/Src/can_manager.o
                0x20000119                PACK_TEMP
 .bss.mc_fault  0x2000011a        0x1 ./Core/Src/can_manager.o
                0x2000011a                mc_fault
 .bss.soc       0x2000011b        0x1 ./Core/Src/can_manager.o
                0x2000011b                soc
 .bss.bms_status
                0x2000011c        0x2 ./Core/Src/can_manager.o
                0x2000011c                bms_status
 .bss.mc_fault_clear_success
                0x2000011e        0x1 ./Core/Src/can_manager.o
                0x2000011e                mc_fault_clear_success
 *fill*         0x2000011f        0x1 
 .bss.pack_voltage
                0x20000120        0x2 ./Core/Src/can_manager.o
                0x20000120                pack_voltage
 .bss.motor_temp
                0x20000122        0x2 ./Core/Src/can_manager.o
                0x20000122                motor_temp
 .bss.front_right_wheel_speed
                0x20000124        0x2 ./Core/Src/can_manager.o
                0x20000124                front_right_wheel_speed
 .bss.front_left_wheel_speed
                0x20000126        0x2 ./Core/Src/can_manager.o
                0x20000126                front_left_wheel_speed
 .bss.rear_right_wheel_speed
                0x20000128        0x2 ./Core/Src/can_manager.o
                0x20000128                rear_right_wheel_speed
 .bss.rear_left_wheel_speed
                0x2000012a        0x2 ./Core/Src/can_manager.o
                0x2000012a                rear_left_wheel_speed
 .bss.inlet_temp
                0x2000012c        0x2 ./Core/Src/can_manager.o
                0x2000012c                inlet_temp
 .bss.outlet_temp
                0x2000012e        0x2 ./Core/Src/can_manager.o
                0x2000012e                outlet_temp
 .bss.inlet_pres
                0x20000130        0x2 ./Core/Src/can_manager.o
                0x20000130                inlet_pres
 .bss.outlet_pres
                0x20000132        0x2 ./Core/Src/can_manager.o
                0x20000132                outlet_pres
 .bss.telem_id  0x20000134        0x2 ./Core/Src/can_manager.o
                0x20000134                telem_id
 *fill*         0x20000136        0x2 
 .bss.RxHeader  0x20000138       0x1c ./Core/Src/can_manager.o
                0x20000138                RxHeader
 .bss.RxData    0x20000154        0x8 ./Core/Src/can_manager.o
                0x20000154                RxData
 .bss.TxHeader  0x2000015c       0x18 ./Core/Src/can_manager.o
                0x2000015c                TxHeader
 .bss.TxMailbox
                0x20000174        0x4 ./Core/Src/can_manager.o
                0x20000174                TxMailbox
 .bss.state_box
                0x20000178       0x2c ./Core/Src/frucd_display.o
                0x20000178                state_box
 .bss.debug_mode
                0x200001a4        0x1 ./Core/Src/frucd_display.o
                0x200001a4                debug_mode
 *fill*         0x200001a5        0x3 
 .bss.gui1963   0x200001a8       0x84 ./Core/Src/frucd_display.o
                0x200001a8                gui1963
 .bss.last_bms_status.0
                0x2000022c        0x2 ./Core/Src/frucd_display.o
 .bss.error     0x2000022e        0x1 ./Core/Src/fsm.o
                0x2000022e                error
 *fill*         0x2000022f        0x1 
 .bss.buffer    0x20000230     0x2000 ./Core/Src/main.o
                0x20000230                buffer
 .bss.res       0x20002230        0x1 ./Core/Src/main.o
                0x20002230                res
 *fill*         0x20002231        0x3 
 .bss.byteswritten
                0x20002234        0x4 ./Core/Src/main.o
                0x20002234                byteswritten
 .bss.hadc1     0x20002238       0x48 ./Core/Src/main.o
                0x20002238                hadc1
 .bss.hadc3     0x20002280       0x48 ./Core/Src/main.o
                0x20002280                hadc3
 .bss.hdma_adc1
                0x200022c8       0x60 ./Core/Src/main.o
                0x200022c8                hdma_adc1
 .bss.hdma_adc3
                0x20002328       0x60 ./Core/Src/main.o
                0x20002328                hdma_adc3
 .bss.hcan1     0x20002388       0x28 ./Core/Src/main.o
                0x20002388                hcan1
 .bss.hcan2     0x200023b0       0x28 ./Core/Src/main.o
                0x200023b0                hcan2
 .bss.hsd1      0x200023d8       0x84 ./Core/Src/main.o
                0x200023d8                hsd1
 .bss.hdma_sdmmc1_rx
                0x2000245c       0x60 ./Core/Src/main.o
                0x2000245c                hdma_sdmmc1_rx
 .bss.hdma_sdmmc1_tx
                0x200024bc       0x60 ./Core/Src/main.o
                0x200024bc                hdma_sdmmc1_tx
 .bss.htim2     0x2000251c       0x4c ./Core/Src/main.o
                0x2000251c                htim2
 .bss.htim4     0x20002568       0x4c ./Core/Src/main.o
                0x20002568                htim4
 .bss.htim7     0x200025b4       0x4c ./Core/Src/main.o
                0x200025b4                htim7
 .bss.huart4    0x20002600       0x88 ./Core/Src/main.o
                0x20002600                huart4
 .bss.huart7    0x20002688       0x88 ./Core/Src/main.o
                0x20002688                huart7
 .bss.huart3    0x20002710       0x88 ./Core/Src/main.o
                0x20002710                huart3
 .bss.hsram1    0x20002798       0x4c ./Core/Src/main.o
                0x20002798                hsram1
 .bss.precharge_timer_ms
                0x200027e4        0x4 ./Core/Src/main.o
                0x200027e4                precharge_timer_ms
 .bss.init_fault_cleared
                0x200027e8        0x1 ./Core/Src/main.o
                0x200027e8                init_fault_cleared
 *fill*         0x200027e9        0x3 
 .bss.throttle1
                0x200027ec        0xa ./Core/Src/sensors.o
                0x200027ec                throttle1
 *fill*         0x200027f6        0x2 
 .bss.throttle2
                0x200027f8        0xa ./Core/Src/sensors.o
                0x200027f8                throttle2
 *fill*         0x20002802        0x2 
 .bss.brake     0x20002804        0xa ./Core/Src/sensors.o
                0x20002804                brake
 *fill*         0x2000280e        0x2 
 .bss.discrepancy_timer_ms
                0x20002810        0x4 ./Core/Src/sensors.o
                0x20002810                discrepancy_timer_ms
 .bss.HAL_RCC_CAN1_CLK_ENABLED
                0x20002814        0x4 ./Core/Src/stm32f7xx_hal_msp.o
 .bss.FMC_Initialized
                0x20002818        0x4 ./Core/Src/stm32f7xx_hal_msp.o
 .bss.__sbrk_heap_end
                0x2000281c        0x4 ./Core/Src/sysmem.o
 .bss.send_time
                0x20002820        0x4 ./Core/Src/telem.o
                0x20002820                send_time
 .bss.prev_time
                0x20002824        0x4 ./Core/Src/telem.o
                0x20002824                prev_time
 .bss.TC_control_var
                0x20002828        0x2 ./Core/Src/traction_control.o
                0x20002828                TC_control_var
 .bss.TC_torque_adjustment
                0x2000282a        0x2 ./Core/Src/traction_control.o
                0x2000282a                TC_torque_adjustment
 .bss.pid_error
                0x2000282c        0x2 ./Core/Src/traction_control.o
                0x2000282c                pid_error
 .bss.prev_pid_error
                0x2000282e        0x2 ./Core/Src/traction_control.o
                0x2000282e                prev_pid_error
 .bss.integral  0x20002830        0x2 ./Core/Src/traction_control.o
                0x20002830                integral
 .bss.derivative
                0x20002832        0x2 ./Core/Src/traction_control.o
                0x20002832                derivative
 .bss.gui       0x20002834        0x4 ./Core/Src/ugui.o
 .bss.uwTick    0x20002838        0x4 ./Drivers/STM32F7xx_HAL_Driver/Src/stm32f7xx_hal.o
                0x20002838                uwTick
 .bss.retSD     0x2000283c        0x1 ./FATFS/App/fatfs.o
                0x2000283c                retSD
 *fill*         0x2000283d        0x3 
 .bss.SDPath    0x20002840        0x4 ./FATFS/App/fatfs.o
                0x20002840                SDPath
 .bss.SDFatFS   0x20002844     0x1034 ./FATFS/App/fatfs.o
                0x20002844                SDFatFS
 .bss.SDFile    0x20003878     0x1030 ./FATFS/App/fatfs.o
                0x20003878                SDFile
 .bss.WriteStatus
                0x200048a8        0x4 ./FATFS/Target/sd_diskio.o
 .bss.ReadStatus
                0x200048ac        0x4 ./FATFS/Target/sd_diskio.o
 .bss.FatFs     0x200048b0        0x4 ./Middlewares/Third_Party/FatFs/src/ff.o
 .bss.Fsid      0x200048b4        0x2 ./Middlewares/Third_Party/FatFs/src/ff.o
 *fill*         0x200048b6        0x2 
 .bss.Files     0x200048b8       0x20 ./Middlewares/Third_Party/FatFs/src/ff.o
 .bss.disk      0x200048d8        0xc ./Middlewares/Third_Party/FatFs/src/ff_gen_drv.o
                0x200048d8                disk